Archive member included to satisfy reference by file (symbol)

d:/programs/stmicroelectronics/stm32cubeide_1.7.0/stm32cubeide/plugins/com.st.stm32cube.ide.mcu.externaltools.gnu-tools-for-stm32.9-2020-q2-update.win32_2.0.0.202105311346/tools/bin/../lib/gcc/arm-none-eabi/9.3.1/../../../../arm-none-eabi/lib/thumb/v6-m/nofp\libc_nano.a(lib_a-errno.o)
                              ./Core/Src/syscalls.o (__errno)
d:/programs/stmicroelectronics/stm32cubeide_1.7.0/stm32cubeide/plugins/com.st.stm32cube.ide.mcu.externaltools.gnu-tools-for-stm32.9-2020-q2-update.win32_2.0.0.202105311346/tools/bin/../lib/gcc/arm-none-eabi/9.3.1/../../../../arm-none-eabi/lib/thumb/v6-m/nofp\libc_nano.a(lib_a-exit.o)
                              d:/programs/stmicroelectronics/stm32cubeide_1.7.0/stm32cubeide/plugins/com.st.stm32cube.ide.mcu.externaltools.gnu-tools-for-stm32.9-2020-q2-update.win32_2.0.0.202105311346/tools/bin/../lib/gcc/arm-none-eabi/9.3.1/../../../../arm-none-eabi/lib/thumb/v6-m/nofp/crt0.o (exit)
d:/programs/stmicroelectronics/stm32cubeide_1.7.0/stm32cubeide/plugins/com.st.stm32cube.ide.mcu.externaltools.gnu-tools-for-stm32.9-2020-q2-update.win32_2.0.0.202105311346/tools/bin/../lib/gcc/arm-none-eabi/9.3.1/../../../../arm-none-eabi/lib/thumb/v6-m/nofp\libc_nano.a(lib_a-impure.o)
                              d:/programs/stmicroelectronics/stm32cubeide_1.7.0/stm32cubeide/plugins/com.st.stm32cube.ide.mcu.externaltools.gnu-tools-for-stm32.9-2020-q2-update.win32_2.0.0.202105311346/tools/bin/../lib/gcc/arm-none-eabi/9.3.1/../../../../arm-none-eabi/lib/thumb/v6-m/nofp\libc_nano.a(lib_a-exit.o) (_global_impure_ptr)
d:/programs/stmicroelectronics/stm32cubeide_1.7.0/stm32cubeide/plugins/com.st.stm32cube.ide.mcu.externaltools.gnu-tools-for-stm32.9-2020-q2-update.win32_2.0.0.202105311346/tools/bin/../lib/gcc/arm-none-eabi/9.3.1/../../../../arm-none-eabi/lib/thumb/v6-m/nofp\libc_nano.a(lib_a-init.o)
                              d:/programs/stmicroelectronics/stm32cubeide_1.7.0/stm32cubeide/plugins/com.st.stm32cube.ide.mcu.externaltools.gnu-tools-for-stm32.9-2020-q2-update.win32_2.0.0.202105311346/tools/bin/../lib/gcc/arm-none-eabi/9.3.1/../../../../arm-none-eabi/lib/thumb/v6-m/nofp/crt0.o (__libc_init_array)
d:/programs/stmicroelectronics/stm32cubeide_1.7.0/stm32cubeide/plugins/com.st.stm32cube.ide.mcu.externaltools.gnu-tools-for-stm32.9-2020-q2-update.win32_2.0.0.202105311346/tools/bin/../lib/gcc/arm-none-eabi/9.3.1/../../../../arm-none-eabi/lib/thumb/v6-m/nofp\libc_nano.a(lib_a-memcpy-stub.o)
                              ./Core/Src/main.o (memcpy)
d:/programs/stmicroelectronics/stm32cubeide_1.7.0/stm32cubeide/plugins/com.st.stm32cube.ide.mcu.externaltools.gnu-tools-for-stm32.9-2020-q2-update.win32_2.0.0.202105311346/tools/bin/../lib/gcc/arm-none-eabi/9.3.1/../../../../arm-none-eabi/lib/thumb/v6-m/nofp\libc_nano.a(lib_a-memset.o)
                              d:/programs/stmicroelectronics/stm32cubeide_1.7.0/stm32cubeide/plugins/com.st.stm32cube.ide.mcu.externaltools.gnu-tools-for-stm32.9-2020-q2-update.win32_2.0.0.202105311346/tools/bin/../lib/gcc/arm-none-eabi/9.3.1/../../../../arm-none-eabi/lib/thumb/v6-m/nofp/crt0.o (memset)
d:/programs/stmicroelectronics/stm32cubeide_1.7.0/stm32cubeide/plugins/com.st.stm32cube.ide.mcu.externaltools.gnu-tools-for-stm32.9-2020-q2-update.win32_2.0.0.202105311346/tools/bin/../lib/gcc/arm-none-eabi/9.3.1/thumb/v6-m/nofp\libgcc.a(_thumb1_case_uqi.o)
                              ./Drivers/STM32G0xx_HAL_Driver/Src/stm32g0xx_hal_dma.o (__gnu_thumb1_case_uqi)
d:/programs/stmicroelectronics/stm32cubeide_1.7.0/stm32cubeide/plugins/com.st.stm32cube.ide.mcu.externaltools.gnu-tools-for-stm32.9-2020-q2-update.win32_2.0.0.202105311346/tools/bin/../lib/gcc/arm-none-eabi/9.3.1/thumb/v6-m/nofp\libgcc.a(_thumb1_case_shi.o)
                              ./tinyprintf/Src/printf.o (__gnu_thumb1_case_shi)
d:/programs/stmicroelectronics/stm32cubeide_1.7.0/stm32cubeide/plugins/com.st.stm32cube.ide.mcu.externaltools.gnu-tools-for-stm32.9-2020-q2-update.win32_2.0.0.202105311346/tools/bin/../lib/gcc/arm-none-eabi/9.3.1/thumb/v6-m/nofp\libgcc.a(_udivsi3.o)
                              ./Core/Src/main.o (__aeabi_uidiv)
d:/programs/stmicroelectronics/stm32cubeide_1.7.0/stm32cubeide/plugins/com.st.stm32cube.ide.mcu.externaltools.gnu-tools-for-stm32.9-2020-q2-update.win32_2.0.0.202105311346/tools/bin/../lib/gcc/arm-none-eabi/9.3.1/thumb/v6-m/nofp\libgcc.a(_divsi3.o)
                              ./Core/Src/system_stm32g0xx.o (__aeabi_idiv)
d:/programs/stmicroelectronics/stm32cubeide_1.7.0/stm32cubeide/plugins/com.st.stm32cube.ide.mcu.externaltools.gnu-tools-for-stm32.9-2020-q2-update.win32_2.0.0.202105311346/tools/bin/../lib/gcc/arm-none-eabi/9.3.1/thumb/v6-m/nofp\libgcc.a(_dvmd_tls.o)
[...]
Memory Configuration

Name             Origin             Length             Attributes
RAM              0x0000000020000000 0x0000000000002000 xrw
FLASH            0x0000000008000000 0x0000000000008000 xr
*default*        0x0000000000000000 0xffffffffffffffff

Linker script and memory map

LOAD d:/programs/stmicroelectronics/stm32cubeide_1.7.0/stm32cubeide/plugins/com.st.stm32cube.ide.mcu.externaltools.gnu-tools-for-stm32.9-2020-q2-update.win32_2.0.0.202105311346/tools/bin/../lib/gcc/arm-none-eabi/9.3.1/thumb/v6-m/nofp/crti.o
LOAD d:/programs/stmicroelectronics/stm32cubeide_1.7.0/stm32cubeide/plugins/com.st.stm32cube.ide.mcu.externaltools.gnu-tools-for-stm32.9-2020-q2-update.win32_2.0.0.202105311346/tools/bin/../lib/gcc/arm-none-eabi/9.3.1/thumb/v6-m/nofp/crtbegin.o
LOAD d:/programs/stmicroelectronics/stm32cubeide_1.7.0/stm32cubeide/plugins/com.st.stm32cube.ide.mcu.externaltools.gnu-tools-for-stm32.9-2020-q2-update.win32_2.0.0.202105311346/tools/bin/../lib/gcc/arm-none-eabi/9.3.1/../../../../arm-none-eabi/lib/thumb/v6-m/nofp/crt0.o
LOAD ./AD9833/Src/AD9833.o
LOAD ./Core/Src/encoder.o
LOAD ./Core/Src/gpio.o
LOAD ./Core/Src/main.o
LOAD ./Core/Src/spi.o
LOAD ./Core/Src/stm32g0xx_hal_msp.o
LOAD ./Core/Src/stm32g0xx_it.o
LOAD ./Core/Src/syscalls.o
LOAD ./Core/Src/sysmem.o
LOAD ./Core/Src/system_stm32g0xx.o
LOAD ./Core/Src/tim.o
LOAD ./Core/Startup/startup_stm32g030f6px.o
LOAD ./Drivers/STM32G0xx_HAL_Driver/Src/stm32g0xx_hal.o
LOAD ./Drivers/STM32G0xx_HAL_Driver/Src/stm32g0xx_hal_cortex.o
LOAD ./Drivers/STM32G0xx_HAL_Driver/Src/stm32g0xx_hal_dma.o
LOAD ./Drivers/STM32G0xx_HAL_Driver/Src/stm32g0xx_hal_dma_ex.o
LOAD ./Drivers/STM32G0xx_HAL_Driver/Src/stm32g0xx_hal_exti.o
LOAD ./Drivers/STM32G0xx_HAL_Driver/Src/stm32g0xx_hal_flash.o
LOAD ./Drivers/STM32G0xx_HAL_Driver/Src/stm32g0xx_hal_flash_ex.o
LOAD ./Drivers/STM32G0xx_HAL_Driver/Src/stm32g0xx_hal_gpio.o
LOAD ./Drivers/STM32G0xx_HAL_Driver/Src/stm32g0xx_hal_pwr.o
LOAD ./Drivers/STM32G0xx_HAL_Driver/Src/stm32g0xx_hal_pwr_ex.o
LOAD ./Drivers/STM32G0xx_HAL_Driver/Src/stm32g0xx_hal_rcc.o
LOAD ./Drivers/STM32G0xx_HAL_Driver/Src/stm32g0xx_hal_rcc_ex.o
LOAD ./Drivers/STM32G0xx_HAL_Driver/Src/stm32g0xx_hal_spi.o
LOAD ./Drivers/STM32G0xx_HAL_Driver/Src/stm32g0xx_hal_spi_ex.o
LOAD ./Drivers/STM32G0xx_HAL_Driver/Src/stm32g0xx_hal_tim.o
LOAD ./Drivers/STM32G0xx_HAL_Driver/Src/stm32g0xx_hal_tim_ex.o
LOAD ./Drivers/STM32G0xx_HAL_Driver/Src/stm32g0xx_ll_dma.o
LOAD ./Drivers/STM32G0xx_HAL_Driver/Src/stm32g0xx_ll_rcc.o
LOAD ./st7735/Src/fonts.o
LOAD ./st7735/Src/st7735.o
LOAD ./tinyprintf/Src/printf.o
START GROUP
LOAD d:/programs/stmicroelectronics/stm32cubeide_1.7.0/stm32cubeide/plugins/com.st.stm32cube.ide.mcu.externaltools.gnu-tools-for-stm32.9-2020-q2-update.win32_2.0.0.202105311346/tools/bin/../lib/gcc/arm-none-eabi/9.3.1/../../../../arm-none-eabi/lib/thumb/v6-m/nofp\libc_nano.a
LOAD d:/programs/stmicroelectronics/stm32cubeide_1.7.0/stm32cubeide/plugins/com.st.stm32cube.ide.mcu.externaltools.gnu-tools-for-stm32.9-2020-q2-update.win32_2.0.0.202105311346/tools/bin/../lib/gcc/arm-none-eabi/9.3.1/../../../../arm-none-eabi/lib/thumb/v6-m/nofp\libm.a
END GROUP
START GROUP
LOAD d:/programs/stmicroelectronics/stm32cubeide_1.7.0/stm32cubeide/plugins/com.st.stm32cube.ide.mcu.externaltools.gnu-tools-for-stm32.9-2020-q2-update.win32_2.0.0.202105311346/tools/bin/../lib/gcc/arm-none-eabi/9.3.1/thumb/v6-m/nofp\libgcc.a
LOAD d:/programs/stmicroelectronics/stm32cubeide_1.7.0/stm32cubeide/plugins/com.st.stm32cube.ide.mcu.externaltools.gnu-tools-for-stm32.9-2020-q2-update.win32_2.0.0.202105311346/tools/bin/../lib/gcc/arm-none-eabi/9.3.1/../../../../arm-none-eabi/lib/thumb/v6-m/nofp\libc_nano.a
END GROUP
START GROUP
LOAD d:/programs/stmicroelectronics/stm32cubeide_1.7.0/stm32cubeide/plugins/com.st.stm32cube.ide.mcu.externaltools.gnu-tools-for-stm32.9-2020-q2-update.win32_2.0.0.202105311346/tools/bin/../lib/gcc/arm-none-eabi/9.3.1/thumb/v6-m/nofp\libgcc.a
LOAD d:/programs/stmicroelectronics/stm32cubeide_1.7.0/stm32cubeide/plugins/com.st.stm32cube.ide.mcu.externaltools.gnu-tools-for-stm32.9-2020-q2-update.win32_2.0.0.202105311346/tools/bin/../lib/gcc/arm-none-eabi/9.3.1/../../../../arm-none-eabi/lib/thumb/v6-m/nofp\libc_nano.a
LOAD d:/programs/stmicroelectronics/stm32cubeide_1.7.0/stm32cubeide/plugins/com.st.stm32cube.ide.mcu.externaltools.gnu-tools-for-stm32.9-2020-q2-update.win32_2.0.0.202105311346/tools/bin/../lib/gcc/arm-none-eabi/9.3.1/../../../../arm-none-eabi/lib/thumb/v6-m/nofp\libnosys.a
END GROUP
START GROUP
LOAD d:/programs/stmicroelectronics/stm32cubeide_1.7.0/stm32cubeide/plugins/com.st.stm32cube.ide.mcu.externaltools.gnu-tools-for-stm32.9-2020-q2-update.win32_2.0.0.202105311346/tools/bin/../lib/gcc/arm-none-eabi/9.3.1/thumb/v6-m/nofp\libgcc.a
LOAD d:/programs/stmicroelectronics/stm32cubeide_1.7.0/stm32cubeide/plugins/com.st.stm32cube.ide.mcu.externaltools.gnu-tools-for-stm32.9-2020-q2-update.win32_2.0.0.202105311346/tools/bin/../lib/gcc/arm-none-eabi/9.3.1/../../../../arm-none-eabi/lib/thumb/v6-m/nofp\libc_nano.a
LOAD d:/programs/stmicroelectronics/stm32cubeide_1.7.0/stm32cubeide/plugins/com.st.stm32cube.ide.mcu.externaltools.gnu-tools-for-stm32.9-2020-q2-update.win32_2.0.0.202105311346/tools/bin/../lib/gcc/arm-none-eabi/9.3.1/../../../../arm-none-eabi/lib/thumb/v6-m/nofp\libnosys.a
END GROUP
LOAD d:/programs/stmicroelectronics/stm32cubeide_1.7.0/stm32cubeide/plugins/com.st.stm32cube.ide.mcu.externaltools.gnu-tools-for-stm32.9-2020-q2-update.win32_2.0.0.202105311346/tools/bin/../lib/gcc/arm-none-eabi/9.3.1/thumb/v6-m/nofp/crtend.o
LOAD d:/programs/stmicroelectronics/stm32cubeide_1.7.0/stm32cubeide/plugins/com.st.stm32cube.ide.mcu.externaltools.gnu-tools-for-stm32.9-2020-q2-update.win32_2.0.0.202105311346/tools/bin/../lib/gcc/arm-none-eabi/9.3.1/thumb/v6-m/nofp/crtn.o
                0x0000000020002000                _estack = (ORIGIN (RAM) + LENGTH (RAM))
                0x0000000000000200                _Min_Heap_Size = 0x200
                0x0000000000000400                _Min_Stack_Size = 0x400

.isr_vector     0x0000000008000000       0xb8
                0x0000000008000000                . = ALIGN (0x4)
 *(.isr_vector)
 .isr_vector    0x0000000008000000       0xb8 ./Core/Startup/startup_stm32g030f6px.o
                0x0000000008000000                g_pfnVectors
                0x00000000080000b8                . = ALIGN (0x4)

.text           0x00000000080000b8     0x617c
                0x00000000080000b8                . = ALIGN (0x4)
 *(.text)
 .text          0x00000000080000b8       0x48 d:/programs/stmicroelectronics/stm32cubeide_1.7.0/stm32cubeide/plugins/com.st.stm32cube.ide.mcu.externaltools.gnu-tools-for-stm32.9-2020-q2-update.win32_2.0.0.202105311346/tools/bin/../lib/gcc/arm-none-eabi/9.3.1/thumb/v6-m/nofp/crtbegin.o
 .text          0x0000000008000100       0x14 d:/programs/stmicroelectronics/stm32cubeide_1.7.0/stm32cubeide/plugins/com.st.stm32cube.ide.mcu.externaltools.gnu-tools-for-stm32.9-2020-q2-update.win32_2.0.0.202105311346/tools/bin/../lib/gcc/arm-none-eabi/9.3.1/thumb/v6-m/nofp\libgcc.a(_thumb1_case_shi.o)
                0x0000000008000100                __gnu_thumb1_case_shi
 .text          0x0000000008000114      0x114 d:/programs/stmicroelectronics/stm32cubeide_1.7.0/stm32cubeide/plugins/com.st.stm32cube.ide.mcu.externaltools.gnu-tools-for-stm32.9-2020-q2-update.win32_2.0.0.202105311346/tools/bin/../lib/gcc/arm-none-eabi/9.3.1/thumb/v6-m/nofp\libgcc.a(_udivsi3.o)
                0x0000000008000114                __aeabi_uidiv
                0x0000000008000114                __udivsi3
                0x0000000008000220                __aeabi_uidivmod
 .text          0x0000000008000228      0x1d4 d:/programs/stmicroelectronics/stm32cubeide_1.7.0/stm32cubeide/plugins/com.st.stm32cube.ide.mcu.externaltools.gnu-tools-for-stm32.9-2020-q2-update.win32_2.0.0.202105311346/tools/bin/../lib/gcc/arm-none-eabi/9.3.1/thumb/v6-m/nofp\libgcc.a(_divsi3.o)
                0x0000000008000228                __divsi3
                0x0000000008000228                __aeabi_idiv
                0x00000000080003f4                __aeabi_idivmod
 .text          0x00000000080003fc        0x4 d:/programs/stmicroelectronics/stm32cubeide_1.7.0/stm32cubeide/plugins/com.st.stm32cube.ide.mcu.externaltools.gnu-tools-for-stm32.9-2020-q2-update.win32_2.0.0.202105311346/tools/bin/../lib/gcc/arm-none-eabi/9.3.1/thumb/v6-m/nofp\libgcc.a(_dvmd_tls.o)
                0x00000000080003fc                __aeabi_idiv0
                0x00000000080003fc                __aeabi_ldiv0
 .text          0x0000000008000400       0x7c d:/programs/stmicroelectronics/stm32cubeide_1.7.0/stm32cubeide/plugins/com.st.stm32cube.ide.mcu.externaltools.gnu-tools-for-stm32.9-2020-q2-update.win32_2.0.0.202105311346/tools/bin/../lib/gcc/arm-none-eabi/9.3.1/thumb/v6-m/nofp\libgcc.a(_arm_cmpdf2.o)
                0x0000000008000400                __aeabi_cdrcmple
                0x0000000008000410                __aeabi_cdcmple
                0x0000000008000410                __aeabi_cdcmpeq
                0x0000000008000420                __aeabi_dcmpeq
                0x000000000800042c                __aeabi_dcmplt
                0x0000000008000440                __aeabi_dcmple
                0x0000000008000454                __aeabi_dcmpgt
                0x0000000008000468                __aeabi_dcmpge
 .text          0x000000000800047c       0x40 d:/programs/stmicroelectronics/stm32cubeide_1.7.0/stm32cubeide/plugins/com.st.stm32cube.ide.mcu.externaltools.gnu-tools-for-stm32.9-2020-q2-update.win32_2.0.0.202105311346/tools/bin/../lib/gcc/arm-none-eabi/9.3.1/thumb/v6-m/nofp\libgcc.a(_aeabi_uldivmod.o)
                0x000000000800047c                __aeabi_uldivmod
 .text          0x00000000080004bc       0x30 d:/programs/stmicroelectronics/stm32cubeide_1.7.0/stm32cubeide/plugins/com.st.stm32cube.ide.mcu.externaltools.gnu-tools-for-stm32.9-2020-q2-update.win32_2.0.0.202105311346/tools/bin/../lib/gcc/arm-none-eabi/9.3.1/thumb/v6-m/nofp\libgcc.a(_fixunssfsi.o)
                0x00000000080004bc                __fixunssfsi
                0x00000000080004bc                __aeabi_f2uiz
 .text          0x00000000080004ec       0x3c d:/programs/stmicroelectronics/stm32cubeide_1.7.0/stm32cubeide/plugins/com.st.stm32cube.ide.mcu.externaltools.gnu-tools-for-stm32.9-2020-q2-update.win32_2.0.0.202105311346/tools/bin/../lib/gcc/arm-none-eabi/9.3.1/thumb/v6-m/nofp\libgcc.a(_fixunsdfsi.o)
                0x00000000080004ec                __aeabi_d2uiz
                0x00000000080004ec                __fixunsdfsi
 .text          0x0000000008000528      0x198 d:/programs/stmicroelectronics/stm32cubeide_1.7.0/stm32cubeide/plugins/com.st.stm32cube.ide.mcu.externaltools.gnu-tools-for-stm32.9-2020-q2-update.win32_2.0.0.202105311346/tools/bin/../lib/gcc/arm-none-eabi/9.3.1/thumb/v6-m/nofp\libgcc.a(_udivmoddi4.o)
                0x0000000008000528                __udivmoddi4
 .text          0x00000000080006c0      0x234 d:/programs/stmicroelectronics/stm32cubeide_1.7.0/stm32cubeide/plugins/com.st.stm32cube.ide.mcu.externaltools.gnu-tools-for-stm32.9-2020-q2-update.win32_2.0.0.202105311346/tools/bin/../lib/gcc/arm-none-eabi/9.3.1/thumb/v6-m/nofp\libgcc.a(mulsf3.o)
                0x00000000080006c0                __aeabi_fmul
 .text          0x00000000080008f4      0x390 d:/programs/stmicroelectronics/stm32cubeide_1.7.0/stm32cubeide/plugins/com.st.stm32cube.ide.mcu.externaltools.gnu-tools-for-stm32.9-2020-q2-update.win32_2.0.0.202105311346/tools/bin/../lib/gcc/arm-none-eabi/9.3.1/thumb/v6-m/nofp\libgcc.a(subsf3.o)
                0x00000000080008f4                __aeabi_fsub
 .text          0x0000000008000c84       0x40 d:/programs/stmicroelectronics/stm32cubeide_1.7.0/stm32cubeide/plugins/com.st.stm32cube.ide.mcu.externaltools.gnu-tools-for-stm32.9-2020-q2-update.win32_2.0.0.202105311346/tools/bin/../lib/gcc/arm-none-eabi/9.3.1/thumb/v6-m/nofp\libgcc.a(fixsfsi.o)
                0x0000000008000c84                __aeabi_f2iz
 .text          0x0000000008000cc4       0x78 d:/programs/stmicroelectronics/stm32cubeide_1.7.0/stm32cubeide/plugins/com.st.stm32cube.ide.mcu.externaltools.gnu-tools-for-stm32.9-2020-q2-update.win32_2.0.0.202105311346/tools/bin/../lib/gcc/arm-none-eabi/9.3.1/thumb/v6-m/nofp\libgcc.a(floatunsisf.o)
                0x0000000008000cc4                __aeabi_ui2f
 .text          0x0000000008000d3c      0x6d4 d:/programs/stmicroelectronics/stm32cubeide_1.7.0/stm32cubeide/plugins/com.st.stm32cube.ide.mcu.externaltools.gnu-tools-for-stm32.9-2020-q2-update.win32_2.0.0.202105311346/tools/bin/../lib/gcc/arm-none-eabi/9.3.1/thumb/v6-m/nofp\libgcc.a(adddf3.o)
                0x0000000008000d3c                __aeabi_dadd
 .text          0x0000000008001410      0x5d0 d:/programs/stmicroelectronics/stm32cubeide_1.7.0/stm32cubeide/plugins/com.st.stm32cube.ide.mcu.externaltools.gnu-tools-for-stm32.9-2020-q2-update.win32_2.0.0.202105311346/tools/bin/../lib/gcc/arm-none-eabi/9.3.1/thumb/v6-m/nofp\libgcc.a(divdf3.o)
                0x0000000008001410                __aeabi_ddiv
 .text          0x00000000080019e0       0x78 d:/programs/stmicroelectronics/stm32cubeide_1.7.0/stm32cubeide/plugins/com.st.stm32cube.ide.mcu.externaltools.gnu-tools-for-stm32.9-2020-q2-update.win32_2.0.0.202105311346/tools/bin/../lib/gcc/arm-none-eabi/9.3.1/thumb/v6-m/nofp\libgcc.a(eqdf2.o)
                0x00000000080019e0                __nedf2
                0x00000000080019e0                __eqdf2
 .text          0x0000000008001a58       0xe4 d:/programs/stmicroelectronics/stm32cubeide_1.7.0/stm32cubeide/plugins/com.st.stm32cube.ide.mcu.externaltools.gnu-tools-for-stm32.9-2020-q2-update.win32_2.0.0.202105311346/tools/bin/../lib/gcc/arm-none-eabi/9.3.1/thumb/v6-m/nofp\libgcc.a(gedf2.o)
                0x0000000008001a58                __gedf2
                0x0000000008001a58                __gtdf2
 .text          0x0000000008001b3c       0xe0 d:/programs/stmicroelectronics/stm32cubeide_1.7.0/stm32cubeide/plugins/com.st.stm32cube.ide.mcu.externaltools.gnu-tools-for-stm32.9-2020-q2-update.win32_2.0.0.202105311346/tools/bin/../lib/gcc/arm-none-eabi/9.3.1/thumb/v6-m/nofp\libgcc.a(ledf2.o)
                0x0000000008001b3c                __ledf2
                0x0000000008001b3c                __ltdf2
 .text          0x0000000008001c1c      0x4d8 d:/programs/stmicroelectronics/stm32cubeide_1.7.0/stm32cubeide/plugins/com.st.stm32cube.ide.mcu.externaltools.gnu-tools-for-stm32.9-2020-q2-update.win32_2.0.0.202105311346/tools/bin/../lib/gcc/arm-none-eabi/9.3.1/thumb/v6-m/nofp\libgcc.a(muldf3.o)
                0x0000000008001c1c                __aeabi_dmul
 .text          0x00000000080020f4      0x724 d:/programs/stmicroelectronics/stm32cubeide_1.7.0/stm32cubeide/plugins/com.st.stm32cube.ide.mcu.externaltools.gnu-tools-for-stm32.9-2020-q2-update.win32_2.0.0.202105311346/tools/bin/../lib/gcc/arm-none-eabi/9.3.1/thumb/v6-m/nofp\libgcc.a(subdf3.o)
                0x00000000080020f4                __aeabi_dsub
 .text          0x0000000008002818       0x6c d:/programs/stmicroelectronics/stm32cubeide_1.7.0/stm32cubeide/plugins/com.st.stm32cube.ide.mcu.externaltools.gnu-tools-for-stm32.9-2020-q2-update.win32_2.0.0.202105311346/tools/bin/../lib/gcc/arm-none-eabi/9.3.1/thumb/v6-m/nofp\libgcc.a(fixdfsi.o)
                0x0000000008002818                __aeabi_d2iz
 .text          0x0000000008002884       0x60 d:/programs/stmicroelectronics/stm32cubeide_1.7.0/stm32cubeide/plugins/com.st.stm32cube.ide.mcu.externaltools.gnu-tools-for-stm32.9-2020-q2-update.win32_2.0.0.202105311346/tools/bin/../lib/gcc/arm-none-eabi/9.3.1/thumb/v6-m/nofp\libgcc.a(floatsidf.o)
                0x0000000008002884                __aeabi_i2d
 .text          0x00000000080028e4       0x4c d:/programs/stmicroelectronics/stm32cubeide_1.7.0/stm32cubeide/plugins/com.st.stm32cube.ide.mcu.externaltools.gnu-tools-for-stm32.9-2020-q2-update.win32_2.0.0.202105311346/tools/bin/../lib/gcc/arm-none-eabi/9.3.1/thumb/v6-m/nofp\libgcc.a(floatunsidf.o)
                0x00000000080028e4                __aeabi_ui2d
 .text          0x0000000008002930       0x74 d:/programs/stmicroelectronics/stm32cubeide_1.7.0/stm32cubeide/plugins/com.st.stm32cube.ide.mcu.externaltools.gnu-tools-for-stm32.9-2020-q2-update.win32_2.0.0.202105311346/tools/bin/../lib/gcc/arm-none-eabi/9.3.1/thumb/v6-m/nofp\libgcc.a(_arm_cmpsf2.o)
                0x0000000008002930                __aeabi_cfrcmple
                0x0000000008002938                __aeabi_cfcmpeq
                0x0000000008002938                __aeabi_cfcmple
                0x0000000008002948                __aeabi_fcmpeq
                0x0000000008002954                __aeabi_fcmplt
                0x0000000008002968                __aeabi_fcmple
                0x000000000800297c                __aeabi_fcmpgt
                0x0000000008002990                __aeabi_fcmpge
 .text          0x00000000080029a4       0x3c d:/programs/stmicroelectronics/stm32cubeide_1.7.0/stm32cubeide/plugins/com.st.stm32cube.ide.mcu.externaltools.gnu-tools-for-stm32.9-2020-q2-update.win32_2.0.0.202105311346/tools/bin/../lib/gcc/arm-none-eabi/9.3.1/thumb/v6-m/nofp\libgcc.a(_clzsi2.o)
                0x00000000080029a4                __clzsi2
 .text          0x00000000080029e0       0x18 d:/programs/stmicroelectronics/stm32cubeide_1.7.0/stm32cubeide/plugins/com.st.stm32cube.ide.mcu.externaltools.gnu-tools-for-stm32.9-2020-q2-update.win32_2.0.0.202105311346/tools/bin/../lib/gcc/arm-none-eabi/9.3.1/thumb/v6-m/nofp\libgcc.a(_clzdi2.o)
                0x00000000080029e0                __clzdi2
 .text          0x00000000080029f8       0x50 d:/programs/stmicroelectronics/stm32cubeide_1.7.0/stm32cubeide/plugins/com.st.stm32cube.ide.mcu.externaltools.gnu-tools-for-stm32.9-2020-q2-update.win32_2.0.0.202105311346/tools/bin/../lib/gcc/arm-none-eabi/9.3.1/thumb/v6-m/nofp\libgcc.a(eqsf2.o)
                0x00000000080029f8                __eqsf2
                0x00000000080029f8                __nesf2
 .text          0x0000000008002a48       0x98 d:/programs/stmicroelectronics/stm32cubeide_1.7.0/stm32cubeide/plugins/com.st.stm32cube.ide.mcu.externaltools.gnu-tools-for-stm32.9-2020-q2-update.win32_2.0.0.202105311346/tools/bin/../lib/gcc/arm-none-eabi/9.3.1/thumb/v6-m/nofp\libgcc.a(gesf2.o)
                0x0000000008002a48                __gesf2
                0x0000000008002a48                __gtsf2
 .text          0x0000000008002ae0       0x94 d:/programs/stmicroelectronics/stm32cubeide_1.7.0/stm32cubeide/plugins/com.st.stm32cube.ide.mcu.externaltools.gnu-tools-for-stm32.9-2020-q2-update.win32_2.0.0.202105311346/tools/bin/../lib/gcc/arm-none-eabi/9.3.1/thumb/v6-m/nofp\libgcc.a(lesf2.o)
                0x0000000008002ae0                __ltsf2
                0x0000000008002ae0                __lesf2
 *(.text*)
 .text.AD9833_Select
                0x0000000008002b74       0x10 ./AD9833/Src/AD9833.o
                0x0000000008002b74                AD9833_Select
 .text.AD9833_Unselect
                0x0000000008002b84       0x10 ./AD9833/Src/AD9833.o
                0x0000000008002b84                AD9833_Unselect
 .text.AD9833_WriteRegister
                0x0000000008002b94       0x3c ./AD9833/Src/AD9833.o
                0x0000000008002b94                AD9833_WriteRegister
 .text.AD9833_WriteCfgReg
                0x0000000008002bd0       0x50 ./AD9833/Src/AD9833.o
                0x0000000008002bd0                AD9833_WriteCfgReg
 .text.AD9833_SetWaveform
                0x0000000008002c20       0x2c ./AD9833/Src/AD9833.o
                0x0000000008002c20                AD9833_SetWaveform
 .text.AD9833_SetFrequency
                0x0000000008002c4c       0x40 ./AD9833/Src/AD9833.o
                0x0000000008002c4c                AD9833_SetFrequency
 .text.AD9833_SetPhase
                0x0000000008002c8c       0x38 ./AD9833/Src/AD9833.o
                0x0000000008002c8c                AD9833_SetPhase
 .text.AD9833_Init
                0x0000000008002cc4       0x38 ./AD9833/Src/AD9833.o
                0x0000000008002cc4                AD9833_Init
 .text.Encoder_Init
                0x0000000008002cfc       0x10 ./Core/Src/encoder.o
                0x0000000008002cfc                Encoder_Init
 .text.Encoder_Read
                0x0000000008002d0c       0x14 ./Core/Src/encoder.o
                0x0000000008002d0c                Encoder_Read
 .text.Encoder_Get_Status
                0x0000000008002d20       0x2c ./Core/Src/encoder.o
                0x0000000008002d20                Encoder_Get_Status
 .text.Button_Get_Status
                0x0000000008002d4c       0xac ./Core/Src/encoder.o
                0x0000000008002d4c                Button_Get_Status
 .text.MX_GPIO_Init
                0x0000000008002df8       0xa0 ./Core/Src/gpio.o
                0x0000000008002df8                MX_GPIO_Init
 .text.SystemClock_Config
                0x0000000008002e98       0x74 ./Core/Src/main.o
                0x0000000008002e98                SystemClock_Config
 .text.Change_Position
                0x0000000008002f0c       0x38 ./Core/Src/main.o
                0x0000000008002f0c                Change_Position
 .text.int_pow  0x0000000008002f44       0x18 ./Core/Src/main.o
                0x0000000008002f44                int_pow
 .text.Edit_Frequency
                0x0000000008002f5c       0x50 ./Core/Src/main.o
                0x0000000008002f5c                Edit_Frequency
 .text.startup.main
                0x0000000008002fac      0x394 ./Core/Src/main.o
                0x0000000008002fac                main
 .text.Error_Handler
                0x0000000008003340        0x4 ./Core/Src/main.o
                0x0000000008003340                Error_Handler
 .text.MX_SPI1_Init
                0x0000000008003344       0x4c ./Core/Src/spi.o
                0x0000000008003344                MX_SPI1_Init
 .text.MX_SPI2_Init
                0x0000000008003390       0x50 ./Core/Src/spi.o
                0x0000000008003390                MX_SPI2_Init
 .text.HAL_SPI_MspInit
                0x00000000080033e0       0xcc ./Core/Src/spi.o
                0x00000000080033e0                HAL_SPI_MspInit
 .text.HAL_MspInit
                0x00000000080034ac       0x30 ./Core/Src/stm32g0xx_hal_msp.o
                0x00000000080034ac                HAL_MspInit
 .text.NMI_Handler
                0x00000000080034dc        0x2 ./Core/Src/stm32g0xx_it.o
                0x00000000080034dc                NMI_Handler
 .text.HardFault_Handler
                0x00000000080034de        0x2 ./Core/Src/stm32g0xx_it.o
                0x00000000080034de                HardFault_Handler
 .text.SVC_Handler
                0x00000000080034e0        0x2 ./Core/Src/stm32g0xx_it.o
                0x00000000080034e0                SVC_Handler
 .text.PendSV_Handler
                0x00000000080034e2        0x2 ./Core/Src/stm32g0xx_it.o
                0x00000000080034e2                PendSV_Handler
 .text.SysTick_Handler
                0x00000000080034e4        0x8 ./Core/Src/stm32g0xx_it.o
                0x00000000080034e4                SysTick_Handler
 .text.SystemInit
                0x00000000080034ec        0x2 ./Core/Src/system_stm32g0xx.o
                0x00000000080034ec                SystemInit
 *fill*         0x00000000080034ee        0x2 
 .text.MX_TIM1_Init
                0x00000000080034f0       0x70 ./Core/Src/tim.o
                0x00000000080034f0                MX_TIM1_Init
 .text.HAL_TIM_Encoder_MspInit
                0x0000000008003560       0x8c ./Core/Src/tim.o
                0x0000000008003560                HAL_TIM_Encoder_MspInit
 .text.Reset_Handler
                0x00000000080035ec       0x50 ./Core/Startup/startup_stm32g030f6px.o
                0x00000000080035ec                Reset_Handler
 .text.Default_Handler
                0x000000000800363c        0x2 ./Core/Startup/startup_stm32g030f6px.o
                0x000000000800363c                TIM1_CC_IRQHandler
                0x000000000800363c                I2C1_IRQHandler
                0x000000000800363c                RTC_TAMP_IRQHandler
                0x000000000800363c                SPI1_IRQHandler
                0x000000000800363c                DMA1_Ch4_5_DMAMUX1_OVR_IRQHandler
                0x000000000800363c                EXTI2_3_IRQHandler
                0x000000000800363c                ADC1_IRQHandler
                0x000000000800363c                I2C2_IRQHandler
                0x000000000800363c                TIM17_IRQHandler
                0x000000000800363c                TIM16_IRQHandler
                0x000000000800363c                TIM3_IRQHandler
                0x000000000800363c                EXTI4_15_IRQHandler
                0x000000000800363c                RCC_IRQHandler
                0x000000000800363c                DMA1_Channel1_IRQHandler
                0x000000000800363c                Default_Handler
                0x000000000800363c                TIM14_IRQHandler
                0x000000000800363c                EXTI0_1_IRQHandler
                0x000000000800363c                SPI2_IRQHandler
                0x000000000800363c                WWDG_IRQHandler
                0x000000000800363c                DMA1_Channel2_3_IRQHandler
                0x000000000800363c                USART2_IRQHandler
                0x000000000800363c                FLASH_IRQHandler
                0x000000000800363c                USART1_IRQHandler
                0x000000000800363c                TIM1_BRK_UP_TRG_COM_IRQHandler
 *fill*         0x000000000800363e        0x2 
 .text.HAL_InitTick
                0x0000000008003640       0x50 ./Drivers/STM32G0xx_HAL_Driver/Src/stm32g0xx_hal.o
                0x0000000008003640                HAL_InitTick
 .text.HAL_Init
                0x0000000008003690       0x28 ./Drivers/STM32G0xx_HAL_Driver/Src/stm32g0xx_hal.o
                0x0000000008003690                HAL_Init
 .text.HAL_IncTick
                0x00000000080036b8       0x18 ./Drivers/STM32G0xx_HAL_Driver/Src/stm32g0xx_hal.o
                0x00000000080036b8                HAL_IncTick
 .text.HAL_GetTick
                0x00000000080036d0        0xc ./Drivers/STM32G0xx_HAL_Driver/Src/stm32g0xx_hal.o
                0x00000000080036d0                HAL_GetTick
 .text.HAL_Delay
                0x00000000080036dc       0x24 ./Drivers/STM32G0xx_HAL_Driver/Src/stm32g0xx_hal.o
                0x00000000080036dc                HAL_Delay
 .text.HAL_NVIC_SetPriority
                0x0000000008003700       0x54 ./Drivers/STM32G0xx_HAL_Driver/Src/stm32g0xx_hal_cortex.o
                0x0000000008003700                HAL_NVIC_SetPriority
 .text.HAL_SYSTICK_Config
                0x0000000008003754       0x34 ./Drivers/STM32G0xx_HAL_Driver/Src/stm32g0xx_hal_cortex.o
                0x0000000008003754                HAL_SYSTICK_Config
 .text.HAL_GPIO_Init
                0x0000000008003788      0x15c ./Drivers/STM32G0xx_HAL_Driver/Src/stm32g0xx_hal_gpio.o
                0x0000000008003788                HAL_GPIO_Init
 .text.HAL_GPIO_ReadPin
                0x00000000080038e4        0xc ./Drivers/STM32G0xx_HAL_Driver/Src/stm32g0xx_hal_gpio.o
                0x00000000080038e4                HAL_GPIO_ReadPin
 .text.HAL_GPIO_WritePin
                0x00000000080038f0        0xc ./Drivers/STM32G0xx_HAL_Driver/Src/stm32g0xx_hal_gpio.o
                0x00000000080038f0                HAL_GPIO_WritePin
 .text.HAL_PWREx_ControlVoltageScaling
                0x00000000080038fc       0x58 ./Drivers/STM32G0xx_HAL_Driver/Src/stm32g0xx_hal_pwr_ex.o
                0x00000000080038fc                HAL_PWREx_ControlVoltageScaling
 .text.HAL_RCC_OscConfig
                0x0000000008003954      0x434 ./Drivers/STM32G0xx_HAL_Driver/Src/stm32g0xx_hal_rcc.o
                0x0000000008003954                HAL_RCC_OscConfig
 .text.HAL_RCC_GetSysClockFreq
                0x0000000008003d88       0x88 ./Drivers/STM32G0xx_HAL_Driver/Src/stm32g0xx_hal_rcc.o
                0x0000000008003d88                HAL_RCC_GetSysClockFreq
 .text.HAL_RCC_ClockConfig
                0x0000000008003e10      0x15c ./Drivers/STM32G0xx_HAL_Driver/Src/stm32g0xx_hal_rcc.o
                0x0000000008003e10                HAL_RCC_ClockConfig
 .text.SPI_WaitFlagStateUntilTimeout.constprop.0
                0x0000000008003f6c       0xb8 ./Drivers/STM32G0xx_HAL_Driver/Src/stm32g0xx_hal_spi.o
 .text.SPI_WaitFifoStateUntilTimeout.constprop.0
                0x0000000008004024       0xd8 ./Drivers/STM32G0xx_HAL_Driver/Src/stm32g0xx_hal_spi.o
 .text.SPI_EndRxTxTransaction
                0x00000000080040fc       0x46 ./Drivers/STM32G0xx_HAL_Driver/Src/stm32g0xx_hal_spi.o
 *fill*         0x0000000008004142        0x2 
 .text.HAL_SPI_Init
                0x0000000008004144       0xf0 ./Drivers/STM32G0xx_HAL_Driver/Src/stm32g0xx_hal_spi.o
                0x0000000008004144                HAL_SPI_Init
 .text.HAL_SPI_Transmit
                0x0000000008004234      0x17a ./Drivers/STM32G0xx_HAL_Driver/Src/stm32g0xx_hal_spi.o
                0x0000000008004234                HAL_SPI_Transmit
 .text.HAL_TIM_Encoder_Start
                0x00000000080043ae       0xce ./Drivers/STM32G0xx_HAL_Driver/Src/stm32g0xx_hal_tim.o
                0x00000000080043ae                HAL_TIM_Encoder_Start
 .text.TIM_Base_SetConfig
                0x000000000800447c       0x80 ./Drivers/STM32G0xx_HAL_Driver/Src/stm32g0xx_hal_tim.o
                0x000000000800447c                TIM_Base_SetConfig
 .text.HAL_TIM_Encoder_Init
                0x00000000080044fc       0xac ./Drivers/STM32G0xx_HAL_Driver/Src/stm32g0xx_hal_tim.o
                0x00000000080044fc                HAL_TIM_Encoder_Init
 .text.HAL_TIMEx_MasterConfigSynchronization
                0x00000000080045a8       0x60 ./Drivers/STM32G0xx_HAL_Driver/Src/stm32g0xx_hal_tim_ex.o
                0x00000000080045a8                HAL_TIMEx_MasterConfigSynchronization
 .text.ST7735_Select
                0x0000000008004608       0x14 ./st7735/Src/st7735.o
 .text.ST7735_WriteCommand
                0x000000000800461c       0x28 ./st7735/Src/st7735.o
 .text.ST7735_WriteData
                0x0000000008004644       0x28 ./st7735/Src/st7735.o
 .text.ST7735_ExecuteCommandList
                0x000000000800466c       0x48 ./st7735/Src/st7735.o
 .text.ST7735_SetAddressWindow
                0x00000000080046b4       0x44 ./st7735/Src/st7735.o
 .text.ST7735_WriteChar.isra.0
                0x00000000080046f8       0x78 ./st7735/Src/st7735.o
 .text.ST7735_Unselect
                0x0000000008004770       0x14 ./st7735/Src/st7735.o
                0x0000000008004770                ST7735_Unselect
 .text.ST7735_FillRectangle.part.0
                0x0000000008004784       0x88 ./st7735/Src/st7735.o
 .text.ST7735_Init
                0x000000000800480c       0x48 ./st7735/Src/st7735.o
                0x000000000800480c                ST7735_Init
 .text.ST7735_DrawPixel
                0x0000000008004854       0x36 ./st7735/Src/st7735.o
                0x0000000008004854                ST7735_DrawPixel
 .text.ST7735_WriteString
                0x000000000800488a       0x74 ./st7735/Src/st7735.o
                0x000000000800488a                ST7735_WriteString
 .text.ST7735_WriteStringWithSelect
                0x00000000080048fe       0xa0 ./st7735/Src/st7735.o
                0x00000000080048fe                ST7735_WriteStringWithSelect
 .text.ST7735_FillRectangle
                0x000000000800499e       0x16 ./st7735/Src/st7735.o
                0x000000000800499e                ST7735_FillRectangle
 .text.ST7735_FillScreen
                0x00000000080049b4       0x12 ./st7735/Src/st7735.o
                0x00000000080049b4                ST7735_FillScreen
 .text.ST7735_DrawImage
                0x00000000080049c6       0x48 ./st7735/Src/st7735.o
                0x00000000080049c6                ST7735_DrawImage
 .text.ST7735_DrawHLine
                0x0000000008004a0e       0x46 ./st7735/Src/st7735.o
                0x0000000008004a0e                ST7735_DrawHLine
 .text.ST7735_DrawVLine
                0x0000000008004a54       0x46 ./st7735/Src/st7735.o
                0x0000000008004a54                ST7735_DrawVLine
 .text.ST7735_DrawLine
                0x0000000008004a9a      0x156 ./st7735/Src/st7735.o
                0x0000000008004a9a                ST7735_DrawLine
 .text.ST7735_drawCircleHelper
                0x0000000008004bf0      0x12a ./st7735/Src/st7735.o
                0x0000000008004bf0                ST7735_drawCircleHelper
 .text.ST7735_drawRoundRect
                0x0000000008004d1a      0x132 ./st7735/Src/st7735.o
                0x0000000008004d1a                ST7735_drawRoundRect
 .text.SquareIcon
                0x0000000008004e4c       0x8e ./st7735/Src/st7735.o
                0x0000000008004e4c                SquareIcon
 .text.TriangleIcon
                0x0000000008004eda       0x94 ./st7735/Src/st7735.o
                0x0000000008004eda                TriangleIcon
 *fill*         0x0000000008004f6e        0x2 
 .text.SineIcon
                0x0000000008004f70      0x2e0 ./st7735/Src/st7735.o
                0x0000000008004f70                SineIcon
 .text._out_buffer
                0x0000000008005250        0x8 ./tinyprintf/Src/printf.o
 .text._out_null
                0x0000000008005258        0x2 ./tinyprintf/Src/printf.o
 .text._out_rev
                0x000000000800525a       0x9c ./tinyprintf/Src/printf.o
 .text._ntoa_format
                0x00000000080052f6       0xf0 ./tinyprintf/Src/printf.o
 .text._ntoa_long
                0x00000000080053e6       0x94 ./tinyprintf/Src/printf.o
 .text._ntoa_long_long
                0x000000000800547a       0xbe ./tinyprintf/Src/printf.o
 .text._ftoa    0x0000000008005538      0x318 ./tinyprintf/Src/printf.o
 .text._etoa    0x0000000008005850      0x3e0 ./tinyprintf/Src/printf.o
 .text._vsnprintf
                0x0000000008005c30      0x558 ./tinyprintf/Src/printf.o
 .text.sprintf_
                0x0000000008006188       0x28 ./tinyprintf/Src/printf.o
                0x0000000008006188                sprintf_
 .text.__libc_init_array
                0x00000000080061b0       0x48 d:/programs/stmicroelectronics/stm32cubeide_1.7.0/stm32cubeide/plugins/com.st.stm32cube.ide.mcu.externaltools.gnu-tools-for-stm32.9-2020-q2-update.win32_2.0.0.202105311346/tools/bin/../lib/gcc/arm-none-eabi/9.3.1/../../../../arm-none-eabi/lib/thumb/v6-m/nofp\libc_nano.a(lib_a-init.o)
                0x00000000080061b0                __libc_init_array
 .text.memcpy   0x00000000080061f8       0x12 d:/programs/stmicroelectronics/stm32cubeide_1.7.0/stm32cubeide/plugins/com.st.stm32cube.ide.mcu.externaltools.gnu-tools-for-stm32.9-2020-q2-update.win32_2.0.0.202105311346/tools/bin/../lib/gcc/arm-none-eabi/9.3.1/../../../../arm-none-eabi/lib/thumb/v6-m/nofp\libc_nano.a(lib_a-memcpy-stub.o)
                0x00000000080061f8                memcpy
 .text.memset   0x000000000800620a       0x10 d:/programs/stmicroelectronics/stm32cubeide_1.7.0/stm32cubeide/plugins/com.st.stm32cube.ide.mcu.externaltools.gnu-tools-for-stm32.9-2020-q2-update.win32_2.0.0.202105311346/tools/bin/../lib/gcc/arm-none-eabi/9.3.1/../../../../arm-none-eabi/lib/thumb/v6-m/nofp\libc_nano.a(lib_a-memset.o)
                0x000000000800620a                memset
 *(.glue_7)
 .glue_7        0x000000000800621a        0x0 linker stubs
 *(.glue_7t)
 .glue_7t       0x000000000800621a        0x0 linker stubs
 *(.eh_frame)
 *fill*         0x000000000800621a        0x2 
 .eh_frame      0x000000000800621c        0x0 d:/programs/stmicroelectronics/stm32cubeide_1.7.0/stm32cubeide/plugins/com.st.stm32cube.ide.mcu.externaltools.gnu-tools-for-stm32.9-2020-q2-update.win32_2.0.0.202105311346/tools/bin/../lib/gcc/arm-none-eabi/9.3.1/thumb/v6-m/nofp/crtbegin.o
 *(.init)
 .init          0x000000000800621c        0x4 d:/programs/stmicroelectronics/stm32cubeide_1.7.0/stm32cubeide/plugins/com.st.stm32cube.ide.mcu.externaltools.gnu-tools-for-stm32.9-2020-q2-update.win32_2.0.0.202105311346/tools/bin/../lib/gcc/arm-none-eabi/9.3.1/thumb/v6-m/nofp/crti.o
                0x000000000800621c                _init
 .init          0x0000000008006220        0x8 d:/programs/stmicroelectronics/stm32cubeide_1.7.0/stm32cubeide/plugins/com.st.stm32cube.ide.mcu.externaltools.gnu-tools-for-stm32.9-2020-q2-update.win32_2.0.0.202105311346/tools/bin/../lib/gcc/arm-none-eabi/9.3.1/thumb/v6-m/nofp/crtn.o
 *(.fini)
 .fini          0x0000000008006228        0x4 d:/programs/stmicroelectronics/stm32cubeide_1.7.0/stm32cubeide/plugins/com.st.stm32cube.ide.mcu.externaltools.gnu-tools-for-stm32.9-2020-q2-update.win32_2.0.0.202105311346/tools/bin/../lib/gcc/arm-none-eabi/9.3.1/thumb/v6-m/nofp/crti.o
                0x0000000008006228                _fini
 .fini          0x000000000800622c        0x8 d:/programs/stmicroelectronics/stm32cubeide_1.7.0/stm32cubeide/plugins/com.st.stm32cube.ide.mcu.externaltools.gnu-tools-for-stm32.9-2020-q2-update.win32_2.0.0.202105311346/tools/bin/../lib/gcc/arm-none-eabi/9.3.1/thumb/v6-m/nofp/crtn.o
                0x0000000008006234                . = ALIGN (0x4)
                0x0000000008006234                _etext = .

.vfp11_veneer   0x0000000008006234        0x0
 .vfp11_veneer  0x0000000008006234        0x0 linker stubs

.v4_bx          0x0000000008006234        0x0
 .v4_bx         0x0000000008006234        0x0 linker stubs

.iplt           0x0000000008006234        0x0
 .iplt          0x0000000008006234        0x0 d:/programs/stmicroelectronics/stm32cubeide_1.7.0/stm32cubeide/plugins/com.st.stm32cube.ide.mcu.externaltools.gnu-tools-for-stm32.9-2020-q2-update.win32_2.0.0.202105311346/tools/bin/../lib/gcc/arm-none-eabi/9.3.1/thumb/v6-m/nofp/crtbegin.o

.rodata         0x0000000008006238     0x1728
                0x0000000008006238                . = ALIGN (0x4)
 *(.rodata)
 .rodata        0x0000000008006238       0x40 d:/programs/stmicroelectronics/stm32cubeide_1.7.0/stm32cubeide/plugins/com.st.stm32cube.ide.mcu.externaltools.gnu-tools-for-stm32.9-2020-q2-update.win32_2.0.0.202105311346/tools/bin/../lib/gcc/arm-none-eabi/9.3.1/thumb/v6-m/nofp\libgcc.a(mulsf3.o)
 .rodata        0x0000000008006278       0x40 d:/programs/stmicroelectronics/stm32cubeide_1.7.0/stm32cubeide/plugins/com.st.stm32cube.ide.mcu.externaltools.gnu-tools-for-stm32.9-2020-q2-update.win32_2.0.0.202105311346/tools/bin/../lib/gcc/arm-none-eabi/9.3.1/thumb/v6-m/nofp\libgcc.a(divdf3.o)
 .rodata        0x00000000080062b8       0x40 d:/programs/stmicroelectronics/stm32cubeide_1.7.0/stm32cubeide/plugins/com.st.stm32cube.ide.mcu.externaltools.gnu-tools-for-stm32.9-2020-q2-update.win32_2.0.0.202105311346/tools/bin/../lib/gcc/arm-none-eabi/9.3.1/thumb/v6-m/nofp\libgcc.a(muldf3.o)
 *(.rodata*)
 .rodata.main.str1.1
                0x00000000080062f8       0x81 ./Core/Src/main.o
 *fill*         0x0000000008006379        0x3 
 .rodata.AHBPrescTable
                0x000000000800637c       0x40 ./Core/Src/system_stm32g0xx.o
                0x000000000800637c                AHBPrescTable
 .rodata.Font12x18
                0x00000000080063bc      0xd5c ./st7735/Src/fonts.o
 .rodata.Font7x10
                0x0000000008007118      0x76c ./st7735/Src/fonts.o
 .rodata.init_cmds1
                0x0000000008007884       0x3b ./st7735/Src/st7735.o
 .rodata.init_cmds2
                0x00000000080078bf        0xd ./st7735/Src/st7735.o
 .rodata.init_cmds3
                0x00000000080078cc       0x2b ./st7735/Src/st7735.o
 .rodata._ftoa.str1.1
                0x00000000080078f7       0x12 ./tinyprintf/Src/printf.o
 *fill*         0x0000000008007909        0x7 
 .rodata.pow10.4371
                0x0000000008007910       0x50 ./tinyprintf/Src/printf.o
                0x0000000008007960                . = ALIGN (0x4)

.ARM.extab      0x0000000008007960        0x0
                0x0000000008007960                . = ALIGN (0x4)
 *(.ARM.extab* .gnu.linkonce.armextab.*)
                0x0000000008007960                . = ALIGN (0x4)

.ARM            0x0000000008007960        0x8
                0x0000000008007960                . = ALIGN (0x4)
                0x0000000008007960                __exidx_start = .
 *(.ARM.exidx*)
 .ARM.exidx     0x0000000008007960        0x8 d:/programs/stmicroelectronics/stm32cubeide_1.7.0/stm32cubeide/plugins/com.st.stm32cube.ide.mcu.externaltools.gnu-tools-for-stm32.9-2020-q2-update.win32_2.0.0.202105311346/tools/bin/../lib/gcc/arm-none-eabi/9.3.1/thumb/v6-m/nofp\libgcc.a(_udivmoddi4.o)
                0x0000000008007968                __exidx_end = .
                0x0000000008007968                . = ALIGN (0x4)

.rel.dyn        0x0000000008007968        0x0
 .rel.iplt      0x0000000008007968        0x0 d:/programs/stmicroelectronics/stm32cubeide_1.7.0/stm32cubeide/plugins/com.st.stm32cube.ide.mcu.externaltools.gnu-tools-for-stm32.9-2020-q2-update.win32_2.0.0.202105311346/tools/bin/../lib/gcc/arm-none-eabi/9.3.1/thumb/v6-m/nofp/crtbegin.o

.preinit_array  0x0000000008007968        0x0
                0x0000000008007968                . = ALIGN (0x4)
                0x0000000008007968                PROVIDE (__preinit_array_start = .)
 *(.preinit_array*)
                0x0000000008007968                PROVIDE (__preinit_array_end = .)
                0x0000000008007968                . = ALIGN (0x4)

.init_array     0x0000000008007968        0x4
                0x0000000008007968                . = ALIGN (0x4)
                0x0000000008007968                PROVIDE (__init_array_start = .)
 *(SORT_BY_NAME(.init_array.*))
 *(.init_array*)
 .init_array    0x0000000008007968        0x4 d:/programs/stmicroelectronics/stm32cubeide_1.7.0/stm32cubeide/plugins/com.st.stm32cube.ide.mcu.externaltools.gnu-tools-for-stm32.9-2020-q2-update.win32_2.0.0.202105311346/tools/bin/../lib/gcc/arm-none-eabi/9.3.1/thumb/v6-m/nofp/crtbegin.o
                0x000000000800796c                PROVIDE (__init_array_end = .)
                0x000000000800796c                . = ALIGN (0x4)

.fini_array     0x000000000800796c        0x4
                0x000000000800796c                . = ALIGN (0x4)
                [!provide]                        PROVIDE (__fini_array_start = .)
 *(SORT_BY_NAME(.fini_array.*))
 *(.fini_array*)
 .fini_array    0x000000000800796c        0x4 d:/programs/stmicroelectronics/stm32cubeide_1.7.0/stm32cubeide/plugins/com.st.stm32cube.ide.mcu.externaltools.gnu-tools-for-stm32.9-2020-q2-update.win32_2.0.0.202105311346/tools/bin/../lib/gcc/arm-none-eabi/9.3.1/thumb/v6-m/nofp/crtbegin.o
                [!provide]                        PROVIDE (__fini_array_end = .)
                0x0000000008007970                . = ALIGN (0x4)
                0x0000000008007970                _sidata = LOADADDR (.data)

.data           0x0000000020000000       0x30 load address 0x0000000008007970
                0x0000000020000000                . = ALIGN (0x4)
                0x0000000020000000                _sdata = .
 *(.data)
 *(.data*)
 .data.edit_pos
                0x0000000020000000        0x1 ./Core/Src/main.o
                0x0000000020000000                edit_pos
 *fill*         0x0000000020000001        0x3 
 .data.freq     0x0000000020000004        0x4 ./Core/Src/main.o
                0x0000000020000004                freq
 .data.text_color
                0x0000000020000008        0x8 ./Core/Src/main.o
                0x0000000020000008                text_color
 .data.waveform_select
                0x0000000020000010        0x1 ./Core/Src/main.o
                0x0000000020000010                waveform_select
 *fill*         0x0000000020000011        0x3 
 .data.SystemCoreClock
                0x0000000020000014        0x4 ./Core/Src/system_stm32g0xx.o
                0x0000000020000014                SystemCoreClock
 .data.uwTickFreq
                0x0000000020000018        0x1 ./Drivers/STM32G0xx_HAL_Driver/Src/stm32g0xx_hal.o
                0x0000000020000018                uwTickFreq
 *fill*         0x0000000020000019        0x3 
 .data.uwTickPrio
                0x000000002000001c        0x4 ./Drivers/STM32G0xx_HAL_Driver/Src/stm32g0xx_hal.o
                0x000000002000001c                uwTickPrio
 .data.Font_12x18
                0x0000000020000020        0x8 ./st7735/Src/fonts.o
                0x0000000020000020                Font_12x18
 .data.Font_7x10
                0x0000000020000028        0x8 ./st7735/Src/fonts.o
                0x0000000020000028                Font_7x10
 *(.RamFunc)
 *(.RamFunc*)
                0x0000000020000030                . = ALIGN (0x4)
                0x0000000020000030                _edata = .

.igot.plt       0x0000000020000030        0x0 load address 0x00000000080079a0
 .igot.plt      0x0000000020000030        0x0 d:/programs/stmicroelectronics/stm32cubeide_1.7.0/stm32cubeide/plugins/com.st.stm32cube.ide.mcu.externaltools.gnu-tools-for-stm32.9-2020-q2-update.win32_2.0.0.202105311346/tools/bin/../lib/gcc/arm-none-eabi/9.3.1/thumb/v6-m/nofp/crtbegin.o
                0x0000000020000030                . = ALIGN (0x4)

.bss            0x0000000020000030      0x1a8 load address 0x00000000080079a0
                0x0000000020000030                _sbss = .
                0x0000000020000030                __bss_start__ = _sbss
 *(.bss)
 .bss           0x0000000020000030       0x1c d:/programs/stmicroelectronics/stm32cubeide_1.7.0/stm32cubeide/plugins/com.st.stm32cube.ide.mcu.externaltools.gnu-tools-for-stm32.9-2020-q2-update.win32_2.0.0.202105311346/tools/bin/../lib/gcc/arm-none-eabi/9.3.1/thumb/v6-m/nofp/crtbegin.o
 *(.bss*)
 .bss._freq_source
                0x000000002000004c        0x1 ./AD9833/Src/AD9833.o
                0x000000002000004c                _freq_source
 .bss._phase_source
                0x000000002000004d        0x1 ./AD9833/Src/AD9833.o
                0x000000002000004d                _phase_source
 .bss._reset_state
                0x000000002000004e        0x1 ./AD9833/Src/AD9833.o
                0x000000002000004e                _reset_state
 .bss._sleep_mode
                0x000000002000004f        0x1 ./AD9833/Src/AD9833.o
                0x000000002000004f                _sleep_mode
 .bss._waveform
                0x0000000020000050        0x1 ./AD9833/Src/AD9833.o
                0x0000000020000050                _waveform
 .bss.btn       0x0000000020000051        0x1 ./Core/Src/encoder.o
                0x0000000020000051                btn
 *fill*         0x0000000020000052        0x2 
 .bss.btn_time  0x0000000020000054        0x4 ./Core/Src/encoder.o
                0x0000000020000054                btn_time
 .bss.prev_count
                0x0000000020000058        0x2 ./Core/Src/encoder.o
 .bss.Menu_Selector
                0x000000002000005a        0x1 ./Core/Src/main.o
                0x000000002000005a                Menu_Selector
 *fill*         0x000000002000005b        0x1 
 .bss.curr_time
                0x000000002000005c        0x4 ./Core/Src/main.o
                0x000000002000005c                curr_time
 .bss.hide_apply_flag
                0x0000000020000060        0x1 ./Core/Src/main.o
                0x0000000020000060                hide_apply_flag
 .bss.short_press_flag
                0x0000000020000061        0x1 ./Core/Src/main.o
                0x0000000020000061                short_press_flag
 *(COMMON)
 COMMON         0x0000000020000062       0x12 ./Core/Src/main.o
                0x0000000020000062                MHz
                0x0000000020000064                Hz
                0x0000000020000066                encoder_status
                0x0000000020000067                button_status
                0x0000000020000068                kHz
                0x000000002000006a                Str_Buffer
 COMMON         0x0000000020000074       0xc8 ./Core/Src/spi.o
                0x0000000020000074                hspi2
                0x00000000200000d8                hspi1
 COMMON         0x000000002000013c       0x98 ./Core/Src/tim.o
                0x000000002000013c                htim3
                0x0000000020000188                htim1
 COMMON         0x00000000200001d4        0x4 ./Drivers/STM32G0xx_HAL_Driver/Src/stm32g0xx_hal.o
                0x00000000200001d4                uwTick
                0x00000000200001d8                . = ALIGN (0x4)
                0x00000000200001d8                _ebss = .
                0x00000000200001d8                __bss_end__ = _ebss

._user_heap_stack
                0x00000000200001d8      0x600 load address 0x00000000080079a0
                0x00000000200001d8                . = ALIGN (0x8)
                [!provide]                        PROVIDE (end = .)
                0x00000000200001d8                PROVIDE (_end = .)
                0x00000000200003d8                . = (. + _Min_Heap_Size)
 *fill*         0x00000000200001d8      0x200 
                0x00000000200007d8                . = (. + _Min_Stack_Size)
 *fill*         0x00000000200003d8      0x400 
                0x00000000200007d8                . = ALIGN (0x8)

/DISCARD/
 libc.a(*)
 libm.a(*)
 libgcc.a(*)

.ARM.attributes
                0x0000000000000000       0x28
 *(.ARM.attributes)
 .ARM.attributes
                0x0000000000000000       0x1e d:/programs/stmicroelectronics/stm32cubeide_1.7.0/stm32cubeide/plugins/com.st.stm32cube.ide.mcu.externaltools.gnu-tools-for-stm32.9-2020-q2-update.win32_2.0.0.202105311346/tools/bin/../lib/gcc/arm-none-eabi/9.3.1/thumb/v6-m/nofp/crti.o
 .ARM.attributes
                0x000000000000001e       0x2c d:/programs/stmicroelectronics/stm32cubeide_1.7.0/stm32cubeide/plugins/com.st.stm32cube.ide.mcu.externaltools.gnu-tools-for-stm32.9-2020-q2-update.win32_2.0.0.202105311346/tools/bin/../lib/gcc/arm-none-eabi/9.3.1/thumb/v6-m/nofp/crtbegin.o
 .ARM.attributes
                0x000000000000004a       0x2c ./AD9833/Src/AD9833.o
 .ARM.attributes
                0x0000000000000076       0x2c ./Core/Src/encoder.o
 .ARM.attributes
                0x00000000000000a2       0x2c ./Core/Src/gpio.o
 .ARM.attributes
                0x00000000000000ce       0x2c ./Core/Src/main.o
 .ARM.attributes
                0x00000000000000fa       0x2c ./Core/Src/spi.o
 .ARM.attributes
                0x0000000000000126       0x2c ./Core/Src/stm32g0xx_hal_msp.o
 .ARM.attributes
                0x0000000000000152       0x2c ./Core/Src/stm32g0xx_it.o
 .ARM.attributes
                0x000000000000017e       0x2c ./Core/Src/system_stm32g0xx.o
 .ARM.attributes
                0x00000000000001aa       0x2c ./Core/Src/tim.o
 .ARM.attributes
                0x00000000000001d6       0x22 ./Core/Startup/startup_stm32g030f6px.o
 .ARM.attributes
                0x00000000000001f8       0x2c ./Drivers/STM32G0xx_HAL_Driver/Src/stm32g0xx_hal.o
 .ARM.attributes
                0x0000000000000224       0x2c ./Drivers/STM32G0xx_HAL_Driver/Src/stm32g0xx_hal_cortex.o
 .ARM.attributes
                0x0000000000000250       0x2c ./Drivers/STM32G0xx_HAL_Driver/Src/stm32g0xx_hal_gpio.o
 .ARM.attributes
                0x000000000000027c       0x2c ./Drivers/STM32G0xx_HAL_Driver/Src/stm32g0xx_hal_pwr_ex.o
 .ARM.attributes
                0x00000000000002a8       0x2c ./Drivers/STM32G0xx_HAL_Driver/Src/stm32g0xx_hal_rcc.o
 .ARM.attributes
                0x00000000000002d4       0x2c ./Drivers/STM32G0xx_HAL_Driver/Src/stm32g0xx_hal_spi.o
 .ARM.attributes
                0x0000000000000300       0x2c ./Drivers/STM32G0xx_HAL_Driver/Src/stm32g0xx_hal_tim.o
 .ARM.attributes
                0x000000000000032c       0x2c ./Drivers/STM32G0xx_HAL_Driver/Src/stm32g0xx_hal_tim_ex.o
 .ARM.attributes
                0x0000000000000358       0x32 ./st7735/Src/fonts.o
 .ARM.attributes
                0x000000000000038a       0x2c ./st7735/Src/st7735.o
 .ARM.attributes
                0x00000000000003b6       0x2c ./tinyprintf/Src/printf.o
 .ARM.attributes
                0x00000000000003e2       0x2c d:/programs/stmicroelectronics/stm32cubeide_1.7.0/stm32cubeide/plugins/com.st.stm32cube.ide.mcu.externaltools.gnu-tools-for-stm32.9-2020-q2-update.win32_2.0.0.202105311346/tools/bin/../lib/gcc/arm-none-eabi/9.3.1/../../../../arm-none-eabi/lib/thumb/v6-m/nofp\libc_nano.a(lib_a-init.o)
 .ARM.attributes
                0x000000000000040e       0x2c d:/programs/stmicroelectronics/stm32cubeide_1.7.0/stm32cubeide/plugins/com.st.stm32cube.ide.mcu.externaltools.gnu-tools-for-stm32.9-2020-q2-update.win32_2.0.0.202105311346/tools/bin/../lib/gcc/arm-none-eabi/9.3.1/../../../../arm-none-eabi/lib/thumb/v6-m/nofp\libc_nano.a(lib_a-memcpy-stub.o)
 .ARM.attributes
                0x000000000000043a       0x2c d:/programs/stmicroelectronics/stm32cubeide_1.7.0/stm32cubeide/plugins/com.st.stm32cube.ide.mcu.externaltools.gnu-tools-for-stm32.9-2020-q2-update.win32_2.0.0.202105311346/tools/bin/../lib/gcc/arm-none-eabi/9.3.1/../../../../arm-none-eabi/lib/thumb/v6-m/nofp\libc_nano.a(lib_a-memset.o)
 .ARM.attributes
                0x0000000000000466       0x1e d:/programs/stmicroelectronics/stm32cubeide_1.7.0/stm32cubeide/plugins/com.st.stm32cube.ide.mcu.externaltools.gnu-tools-for-stm32.9-2020-q2-update.win32_2.0.0.202105311346/tools/bin/../lib/gcc/arm-none-eabi/9.3.1/thumb/v6-m/nofp\libgcc.a(_thumb1_case_shi.o)
 .ARM.attributes
                0x0000000000000484       0x1e d:/programs/stmicroelectronics/stm32cubeide_1.7.0/stm32cubeide/plugins/com.st.stm32cube.ide.mcu.externaltools.gnu-tools-for-stm32.9-2020-q2-update.win32_2.0.0.202105311346/tools/bin/../lib/gcc/arm-none-eabi/9.3.1/thumb/v6-m/nofp\libgcc.a(_udivsi3.o)
 .ARM.attributes
                0x00000000000004a2       0x1e d:/programs/stmicroelectronics/stm32cubeide_1.7.0/stm32cubeide/plugins/com.st.stm32cube.ide.mcu.externaltools.gnu-tools-for-stm32.9-2020-q2-update.win32_2.0.0.202105311346/tools/bin/../lib/gcc/arm-none-eabi/9.3.1/thumb/v6-m/nofp\libgcc.a(_divsi3.o)
 .ARM.attributes
                0x00000000000004c0       0x1e d:/programs/stmicroelectronics/stm32cubeide_1.7.0/stm32cubeide/plugins/com.st.stm32cube.ide.mcu.externaltools.gnu-tools-for-stm32.9-2020-q2-update.win32_2.0.0.202105311346/tools/bin/../lib/gcc/arm-none-eabi/9.3.1/thumb/v6-m/nofp\libgcc.a(_dvmd_tls.o)
 .ARM.attributes
                0x00000000000004de       0x1e d:/programs/stmicroelectronics/stm32cubeide_1.7.0/stm32cubeide/plugins/com.st.stm32cube.ide.mcu.externaltools.gnu-tools-for-stm32.9-2020-q2-update.win32_2.0.0.202105311346/tools/bin/../lib/gcc/arm-none-eabi/9.3.1/thumb/v6-m/nofp\libgcc.a(_arm_cmpdf2.o)
 .ARM.attributes
                0x00000000000004fc       0x1e d:/programs/stmicroelectronics/stm32cubeide_1.7.0/stm32cubeide/plugins/com.st.stm32cube.ide.mcu.externaltools.gnu-tools-for-stm32.9-2020-q2-update.win32_2.0.0.202105311346/tools/bin/../lib/gcc/arm-none-eabi/9.3.1/thumb/v6-m/nofp\libgcc.a(_aeabi_uldivmod.o)
 .ARM.attributes
                0x000000000000051a       0x2c d:/programs/stmicroelectronics/stm32cubeide_1.7.0/stm32cubeide/plugins/com.st.stm32cube.ide.mcu.externaltools.gnu-tools-for-stm32.9-2020-q2-update.win32_2.0.0.202105311346/tools/bin/../lib/gcc/arm-none-eabi/9.3.1/thumb/v6-m/nofp\libgcc.a(_fixunssfsi.o)
 .ARM.attributes
                0x0000000000000546       0x2c d:/programs/stmicroelectronics/stm32cubeide_1.7.0/stm32cubeide/plugins/com.st.stm32cube.ide.mcu.externaltools.gnu-tools-for-stm32.9-2020-q2-update.win32_2.0.0.202105311346/tools/bin/../lib/gcc/arm-none-eabi/9.3.1/thumb/v6-m/nofp\libgcc.a(_fixunsdfsi.o)
 .ARM.attributes
                0x0000000000000572       0x2c d:/programs/stmicroelectronics/stm32cubeide_1.7.0/stm32cubeide/plugins/com.st.stm32cube.ide.mcu.externaltools.gnu-tools-for-stm32.9-2020-q2-update.win32_2.0.0.202105311346/tools/bin/../lib/gcc/arm-none-eabi/9.3.1/thumb/v6-m/nofp\libgcc.a(_udivmoddi4.o)
 .ARM.attributes
                0x000000000000059e       0x2c d:/programs/stmicroelectronics/stm32cubeide_1.7.0/stm32cubeide/plugins/com.st.stm32cube.ide.mcu.externaltools.gnu-tools-for-stm32.9-2020-q2-update.win32_2.0.0.202105311346/tools/bin/../lib/gcc/arm-none-eabi/9.3.1/thumb/v6-m/nofp\libgcc.a(mulsf3.o)
 .ARM.attributes
                0x00000000000005ca       0x2c d:/programs/stmicroelectronics/stm32cubeide_1.7.0/stm32cubeide/plugins/com.st.stm32cube.ide.mcu.externaltools.gnu-tools-for-stm32.9-2020-q2-update.win32_2.0.0.202105311346/tools/bin/../lib/gcc/arm-none-eabi/9.3.1/thumb/v6-m/nofp\libgcc.a(subsf3.o)
 .ARM.attributes
                0x00000000000005f6       0x2c d:/programs/stmicroelectronics/stm32cubeide_1.7.0/stm32cubeide/plugins/com.st.stm32cube.ide.mcu.externaltools.gnu-tools-for-stm32.9-2020-q2-update.win32_2.0.0.202105311346/tools/bin/../lib/gcc/arm-none-eabi/9.3.1/thumb/v6-m/nofp\libgcc.a(fixsfsi.o)
 .ARM.attributes
                0x0000000000000622       0x2c d:/programs/stmicroelectronics/stm32cubeide_1.7.0/stm32cubeide/plugins/com.st.stm32cube.ide.mcu.externaltools.gnu-tools-for-stm32.9-2020-q2-update.win32_2.0.0.202105311346/tools/bin/../lib/gcc/arm-none-eabi/9.3.1/thumb/v6-m/nofp\libgcc.a(floatunsisf.o)
 .ARM.attributes
                0x000000000000064e       0x2c d:/programs/stmicroelectronics/stm32cubeide_1.7.0/stm32cubeide/plugins/com.st.stm32cube.ide.mcu.externaltools.gnu-tools-for-stm32.9-2020-q2-update.win32_2.0.0.202105311346/tools/bin/../lib/gcc/arm-none-eabi/9.3.1/thumb/v6-m/nofp\libgcc.a(adddf3.o)
 .ARM.attributes
                0x000000000000067a       0x2c d:/programs/stmicroelectronics/stm32cubeide_1.7.0/stm32cubeide/plugins/com.st.stm32cube.ide.mcu.externaltools.gnu-tools-for-stm32.9-2020-q2-update.win32_2.0.0.202105311346/tools/bin/../lib/gcc/arm-none-eabi/9.3.1/thumb/v6-m/nofp\libgcc.a(divdf3.o)
 .ARM.attributes
                0x00000000000006a6       0x2c d:/programs/stmicroelectronics/stm32cubeide_1.7.0/stm32cubeide/plugins/com.st.stm32cube.ide.mcu.externaltools.gnu-tools-for-stm32.9-2020-q2-update.win32_2.0.0.202105311346/tools/bin/../lib/gcc/arm-none-eabi/9.3.1/thumb/v6-m/nofp\libgcc.a(eqdf2.o)
 .ARM.attributes
                0x00000000000006d2       0x2c d:/programs/stmicroelectronics/stm32cubeide_1.7.0/stm32cubeide/plugins/com.st.stm32cube.ide.mcu.externaltools.gnu-tools-for-stm32.9-2020-q2-update.win32_2.0.0.202105311346/tools/bin/../lib/gcc/arm-none-eabi/9.3.1/thumb/v6-m/nofp\libgcc.a(gedf2.o)
 .ARM.attributes
                0x00000000000006fe       0x2c d:/programs/stmicroelectronics/stm32cubeide_1.7.0/stm32cubeide/plugins/com.st.stm32cube.ide.mcu.externaltools.gnu-tools-for-stm32.9-2020-q2-update.win32_2.0.0.202105311346/tools/bin/../lib/gcc/arm-none-eabi/9.3.1/thumb/v6-m/nofp\libgcc.a(ledf2.o)
 .ARM.attributes
                0x000000000000072a       0x2c d:/programs/stmicroelectronics/stm32cubeide_1.7.0/stm32cubeide/plugins/com.st.stm32cube.ide.mcu.externaltools.gnu-tools-for-stm32.9-2020-q2-update.win32_2.0.0.202105311346/tools/bin/../lib/gcc/arm-none-eabi/9.3.1/thumb/v6-m/nofp\libgcc.a(muldf3.o)
 .ARM.attributes
                0x0000000000000756       0x2c d:/programs/stmicroelectronics/stm32cubeide_1.7.0/stm32cubeide/plugins/com.st.stm32cube.ide.mcu.externaltools.gnu-tools-for-stm32.9-2020-q2-update.win32_2.0.0.202105311346/tools/bin/../lib/gcc/arm-none-eabi/9.3.1/thumb/v6-m/nofp\libgcc.a(subdf3.o)
 .ARM.attributes
                0x0000000000000782       0x2c d:/programs/stmicroelectronics/stm32cubeide_1.7.0/stm32cubeide/plugins/com.st.stm32cube.ide.mcu.externaltools.gnu-tools-for-stm32.9-2020-q2-update.win32_2.0.0.202105311346/tools/bin/../lib/gcc/arm-none-eabi/9.3.1/thumb/v6-m/nofp\libgcc.a(fixdfsi.o)
 .ARM.attributes
                0x00000000000007ae       0x2c d:/programs/stmicroelectronics/stm32cubeide_1.7.0/stm32cubeide/plugins/com.st.stm32cube.ide.mcu.externaltools.gnu-tools-for-stm32.9-2020-q2-update.win32_2.0.0.202105311346/tools/bin/../lib/gcc/arm-none-eabi/9.3.1/thumb/v6-m/nofp\libgcc.a(floatsidf.o)
 .ARM.attributes
                0x00000000000007da       0x2c d:/programs/stmicroelectronics/stm32cubeide_1.7.0/stm32cubeide/plugins/com.st.stm32cube.ide.mcu.externaltools.gnu-tools-for-stm32.9-2020-q2-update.win32_2.0.0.202105311346/tools/bin/../lib/gcc/arm-none-eabi/9.3.1/thumb/v6-m/nofp\libgcc.a(floatunsidf.o)
 .ARM.attributes
                0x0000000000000806       0x1e d:/programs/stmicroelectronics/stm32cubeide_1.7.0/stm32cubeide/plugins/com.st.stm32cube.ide.mcu.externaltools.gnu-tools-for-stm32.9-2020-q2-update.win32_2.0.0.202105311346/tools/bin/../lib/gcc/arm-none-eabi/9.3.1/thumb/v6-m/nofp\libgcc.a(_arm_cmpsf2.o)
 .ARM.attributes
                0x0000000000000824       0x1e d:/programs/stmicroelectronics/stm32cubeide_1.7.0/stm32cubeide/plugins/com.st.stm32cube.ide.mcu.externaltools.gnu-tools-for-stm32.9-2020-q2-update.win32_2.0.0.202105311346/tools/bin/../lib/gcc/arm-none-eabi/9.3.1/thumb/v6-m/nofp\libgcc.a(_clzsi2.o)
 .ARM.attributes
                0x0000000000000842       0x1e d:/programs/stmicroelectronics/stm32cubeide_1.7.0/stm32cubeide/plugins/com.st.stm32cube.ide.mcu.externaltools.gnu-tools-for-stm32.9-2020-q2-update.win32_2.0.0.202105311346/tools/bin/../lib/gcc/arm-none-eabi/9.3.1/thumb/v6-m/nofp\libgcc.a(_clzdi2.o)
 .ARM.attributes
                0x0000000000000860       0x2c d:/programs/stmicroelectronics/stm32cubeide_1.7.0/stm32cubeide/plugins/com.st.stm32cube.ide.mcu.externaltools.gnu-tools-for-stm32.9-2020-q2-update.win32_2.0.0.202105311346/tools/bin/../lib/gcc/arm-none-eabi/9.3.1/thumb/v6-m/nofp\libgcc.a(eqsf2.o)
 .ARM.attributes
                0x000000000000088c       0x2c d:/programs/stmicroelectronics/stm32cubeide_1.7.0/stm32cubeide/plugins/com.st.stm32cube.ide.mcu.externaltools.gnu-tools-for-stm32.9-2020-q2-update.win32_2.0.0.202105311346/tools/bin/../lib/gcc/arm-none-eabi/9.3.1/thumb/v6-m/nofp\libgcc.a(gesf2.o)
 .ARM.attributes
                0x00000000000008b8       0x2c d:/programs/stmicroelectronics/stm32cubeide_1.7.0/stm32cubeide/plugins/com.st.stm32cube.ide.mcu.externaltools.gnu-tools-for-stm32.9-2020-q2-update.win32_2.0.0.202105311346/tools/bin/../lib/gcc/arm-none-eabi/9.3.1/thumb/v6-m/nofp\libgcc.a(lesf2.o)
 .ARM.attributes
                0x00000000000008e4       0x1e d:/programs/stmicroelectronics/stm32cubeide_1.7.0/stm32cubeide/plugins/com.st.stm32cube.ide.mcu.externaltools.gnu-tools-for-stm32.9-2020-q2-update.win32_2.0.0.202105311346/tools/bin/../lib/gcc/arm-none-eabi/9.3.1/thumb/v6-m/nofp/crtn.o
OUTPUT(DDS_Generator.elf elf32-littlearm)
LOAD linker stubs
LOAD d:/programs/stmicroelectronics/stm32cubeide_1.7.0/stm32cubeide/plugins/com.st.stm32cube.ide.mcu.externaltools.gnu-tools-for-stm32.9-2020-q2-update.win32_2.0.0.202105311346/tools/bin/../lib/gcc/arm-none-eabi/9.3.1/../../../../arm-none-eabi/lib/thumb/v6-m/nofp\libc.a
LOAD d:/programs/stmicroelectronics/stm32cubeide_1.7.0/stm32cubeide/plugins/com.st.stm32cube.ide.mcu.externaltools.gnu-tools-for-stm32.9-2020-q2-update.win32_2.0.0.202105311346/tools/bin/../lib/gcc/arm-none-eabi/9.3.1/../../../../arm-none-eabi/lib/thumb/v6-m/nofp\libm.a
LOAD d:/programs/stmicroelectronics/stm32cubeide_1.7.0/stm32cubeide/plugins/com.st.stm32cube.ide.mcu.externaltools.gnu-tools-for-stm32.9-2020-q2-update.win32_2.0.0.202105311346/tools/bin/../lib/gcc/arm-none-eabi/9.3.1/thumb/v6-m/nofp\libgcc.a

.debug_info     0x0000000000000000    0x17ae2
 .debug_info    0x0000000000000000      0xd1c ./AD9833/Src/AD9833.o
 .debug_info    0x0000000000000d1c      0xba6 ./Core/Src/encoder.o
 .debug_info    0x00000000000018c2     0x1518 ./Core/Src/gpio.o
 .debug_info    0x0000000000002dda     0x218d ./Core/Src/main.o
 .debug_info    0x0000000000004f67      0xcc6 ./Core/Src/spi.o
 .debug_info    0x0000000000005c2d      0x3e0 ./Core/Src/stm32g0xx_hal_msp.o
 .debug_info    0x000000000000600d      0x29b ./Core/Src/stm32g0xx_it.o
 .debug_info    0x00000000000062a8      0x46a ./Core/Src/system_stm32g0xx.o
 .debug_info    0x0000000000006712     0x1106 ./Core/Src/tim.o
 .debug_info    0x0000000000007818       0x22 ./Core/Startup/startup_stm32g030f6px.o
 .debug_info    0x000000000000783a      0xaf0 ./Drivers/STM32G0xx_HAL_Driver/Src/stm32g0xx_hal.o
 .debug_info    0x000000000000832a      0xbe5 ./Drivers/STM32G0xx_HAL_Driver/Src/stm32g0xx_hal_cortex.o
 .debug_info    0x0000000000008f0f      0x789 ./Drivers/STM32G0xx_HAL_Driver/Src/stm32g0xx_hal_gpio.o
 .debug_info    0x0000000000009698      0x681 ./Drivers/STM32G0xx_HAL_Driver/Src/stm32g0xx_hal_pwr_ex.o
 .debug_info    0x0000000000009d19      0xe72 ./Drivers/STM32G0xx_HAL_Driver/Src/stm32g0xx_hal_rcc.o
 .debug_info    0x000000000000ab8b     0x251b ./Drivers/STM32G0xx_HAL_Driver/Src/stm32g0xx_hal_spi.o
 .debug_info    0x000000000000d0a6     0x4596 ./Drivers/STM32G0xx_HAL_Driver/Src/stm32g0xx_hal_tim.o
 .debug_info    0x000000000001163c     0x1eb7 ./Drivers/STM32G0xx_HAL_Driver/Src/stm32g0xx_hal_tim_ex.o
 .debug_info    0x00000000000134f3      0x1ae ./st7735/Src/fonts.o
 .debug_info    0x00000000000136a1     0x2ace ./st7735/Src/st7735.o
 .debug_info    0x000000000001616f     0x1973 ./tinyprintf/Src/printf.o

.debug_abbrev   0x0000000000000000     0x35bd
 .debug_abbrev  0x0000000000000000      0x29b ./AD9833/Src/AD9833.o
 .debug_abbrev  0x000000000000029b      0x25a ./Core/Src/encoder.o
 .debug_abbrev  0x00000000000004f5      0x259 ./Core/Src/gpio.o
 .debug_abbrev  0x000000000000074e      0x3e3 ./Core/Src/main.o
 .debug_abbrev  0x0000000000000b31      0x210 ./Core/Src/spi.o
 .debug_abbrev  0x0000000000000d41      0x14a ./Core/Src/stm32g0xx_hal_msp.o
 .debug_abbrev  0x0000000000000e8b      0x157 ./Core/Src/stm32g0xx_it.o
 .debug_abbrev  0x0000000000000fe2      0x17c ./Core/Src/system_stm32g0xx.o
 .debug_abbrev  0x000000000000115e      0x23d ./Core/Src/tim.o
 .debug_abbrev  0x000000000000139b       0x12 ./Core/Startup/startup_stm32g030f6px.o
 .debug_abbrev  0x00000000000013ad      0x30f ./Drivers/STM32G0xx_HAL_Driver/Src/stm32g0xx_hal.o
 .debug_abbrev  0x00000000000016bc      0x2d8 ./Drivers/STM32G0xx_HAL_Driver/Src/stm32g0xx_hal_cortex.o
 .debug_abbrev  0x0000000000001994      0x276 ./Drivers/STM32G0xx_HAL_Driver/Src/stm32g0xx_hal_gpio.o
 .debug_abbrev  0x0000000000001c0a      0x232 ./Drivers/STM32G0xx_HAL_Driver/Src/stm32g0xx_hal_pwr_ex.o
 .debug_abbrev  0x0000000000001e3c      0x332 ./Drivers/STM32G0xx_HAL_Driver/Src/stm32g0xx_hal_rcc.o
 .debug_abbrev  0x000000000000216e      0x394 ./Drivers/STM32G0xx_HAL_Driver/Src/stm32g0xx_hal_spi.o
 .debug_abbrev  0x0000000000002502      0x3b0 ./Drivers/STM32G0xx_HAL_Driver/Src/stm32g0xx_hal_tim.o
 .debug_abbrev  0x00000000000028b2      0x309 ./Drivers/STM32G0xx_HAL_Driver/Src/stm32g0xx_hal_tim_ex.o
 .debug_abbrev  0x0000000000002bbb       0xad ./st7735/Src/fonts.o
 .debug_abbrev  0x0000000000002c68      0x524 ./st7735/Src/st7735.o
 .debug_abbrev  0x000000000000318c      0x431 ./tinyprintf/Src/printf.o

.debug_loc      0x0000000000000000     0xee76
 .debug_loc     0x0000000000000000      0x2e8 ./AD9833/Src/AD9833.o
 .debug_loc     0x00000000000002e8       0x15 ./Core/Src/encoder.o
 .debug_loc     0x00000000000002fd      0x20d ./Core/Src/main.o
 .debug_loc     0x000000000000050a       0x91 ./Core/Src/spi.o
 .debug_loc     0x000000000000059b       0xe0 ./Core/Src/system_stm32g0xx.o
 .debug_loc     0x000000000000067b       0xae ./Core/Src/tim.o
 .debug_loc     0x0000000000000729      0x19f ./Drivers/STM32G0xx_HAL_Driver/Src/stm32g0xx_hal.o
 .debug_loc     0x00000000000008c8      0x44f ./Drivers/STM32G0xx_HAL_Driver/Src/stm32g0xx_hal_cortex.o
 .debug_loc     0x0000000000000d17      0x383 ./Drivers/STM32G0xx_HAL_Driver/Src/stm32g0xx_hal_gpio.o
 .debug_loc     0x000000000000109a      0x357 ./Drivers/STM32G0xx_HAL_Driver/Src/stm32g0xx_hal_pwr_ex.o
 .debug_loc     0x00000000000013f1      0x630 ./Drivers/STM32G0xx_HAL_Driver/Src/stm32g0xx_hal_rcc.o
 .debug_loc     0x0000000000001a21     0x1e87 ./Drivers/STM32G0xx_HAL_Driver/Src/stm32g0xx_hal_spi.o
 .debug_loc     0x00000000000038a8     0x579d ./Drivers/STM32G0xx_HAL_Driver/Src/stm32g0xx_hal_tim.o
 .debug_loc     0x0000000000009045     0x1c95 ./Drivers/STM32G0xx_HAL_Driver/Src/stm32g0xx_hal_tim_ex.o
 .debug_loc     0x000000000000acda     0x16a4 ./st7735/Src/st7735.o
 .debug_loc     0x000000000000c37e     0x2af8 ./tinyprintf/Src/printf.o

.debug_aranges  0x0000000000000000      0xc48
 .debug_aranges
                0x0000000000000000       0x68 ./AD9833/Src/AD9833.o
 .debug_aranges
                0x0000000000000068       0x38 ./Core/Src/encoder.o
 .debug_aranges
                0x00000000000000a0       0x20 ./Core/Src/gpio.o
 .debug_aranges
                0x00000000000000c0       0x48 ./Core/Src/main.o
 .debug_aranges
                0x0000000000000108       0x38 ./Core/Src/spi.o
 .debug_aranges
                0x0000000000000140       0x20 ./Core/Src/stm32g0xx_hal_msp.o
 .debug_aranges
                0x0000000000000160       0x38 ./Core/Src/stm32g0xx_it.o
 .debug_aranges
                0x0000000000000198       0x28 ./Core/Src/system_stm32g0xx.o
 .debug_aranges
                0x00000000000001c0       0x50 ./Core/Src/tim.o
 .debug_aranges
                0x0000000000000210       0x28 ./Core/Startup/startup_stm32g030f6px.o
 .debug_aranges
                0x0000000000000238       0xf8 ./Drivers/STM32G0xx_HAL_Driver/Src/stm32g0xx_hal.o
 .debug_aranges
                0x0000000000000330       0x90 ./Drivers/STM32G0xx_HAL_Driver/Src/stm32g0xx_hal_cortex.o
 .debug_aranges
                0x00000000000003c0       0x58 ./Drivers/STM32G0xx_HAL_Driver/Src/stm32g0xx_hal_gpio.o
 .debug_aranges
                0x0000000000000418       0x98 ./Drivers/STM32G0xx_HAL_Driver/Src/stm32g0xx_hal_pwr_ex.o
 .debug_aranges
                0x00000000000004b0       0x90 ./Drivers/STM32G0xx_HAL_Driver/Src/stm32g0xx_hal_rcc.o
 .debug_aranges
                0x0000000000000540      0x190 ./Drivers/STM32G0xx_HAL_Driver/Src/stm32g0xx_hal_spi.o
 .debug_aranges
                0x00000000000006d0      0x2a8 ./Drivers/STM32G0xx_HAL_Driver/Src/stm32g0xx_hal_tim.o
 .debug_aranges
                0x0000000000000978      0x140 ./Drivers/STM32G0xx_HAL_Driver/Src/stm32g0xx_hal_tim_ex.o
 .debug_aranges
                0x0000000000000ab8       0x18 ./st7735/Src/fonts.o
 .debug_aranges
                0x0000000000000ad0       0xd8 ./st7735/Src/st7735.o
 .debug_aranges
                0x0000000000000ba8       0xa0 ./tinyprintf/Src/printf.o

.debug_ranges   0x0000000000000000     0x1380
 .debug_ranges  0x0000000000000000       0x80 ./AD9833/Src/AD9833.o
 .debug_ranges  0x0000000000000080       0x28 ./Core/Src/encoder.o
 .debug_ranges  0x00000000000000a8       0x80 ./Core/Src/gpio.o
 .debug_ranges  0x0000000000000128       0x80 ./Core/Src/main.o
 .debug_ranges  0x00000000000001a8       0xc8 ./Core/Src/spi.o
 .debug_ranges  0x0000000000000270       0x58 ./Core/Src/stm32g0xx_hal_msp.o
 .debug_ranges  0x00000000000002c8       0x28 ./Core/Src/stm32g0xx_it.o
 .debug_ranges  0x00000000000002f0       0x18 ./Core/Src/system_stm32g0xx.o
 .debug_ranges  0x0000000000000308       0xd8 ./Core/Src/tim.o
 .debug_ranges  0x00000000000003e0       0x20 ./Core/Startup/startup_stm32g030f6px.o
 .debug_ranges  0x0000000000000400       0xe8 ./Drivers/STM32G0xx_HAL_Driver/Src/stm32g0xx_hal.o
 .debug_ranges  0x00000000000004e8      0x118 ./Drivers/STM32G0xx_HAL_Driver/Src/stm32g0xx_hal_cortex.o
 .debug_ranges  0x0000000000000600       0x48 ./Drivers/STM32G0xx_HAL_Driver/Src/stm32g0xx_hal_gpio.o
 .debug_ranges  0x0000000000000648       0x88 ./Drivers/STM32G0xx_HAL_Driver/Src/stm32g0xx_hal_pwr_ex.o
 .debug_ranges  0x00000000000006d0       0xb0 ./Drivers/STM32G0xx_HAL_Driver/Src/stm32g0xx_hal_rcc.o
 .debug_ranges  0x0000000000000780      0x258 ./Drivers/STM32G0xx_HAL_Driver/Src/stm32g0xx_hal_spi.o
 .debug_ranges  0x00000000000009d8      0x550 ./Drivers/STM32G0xx_HAL_Driver/Src/stm32g0xx_hal_tim.o
 .debug_ranges  0x0000000000000f28      0x130 ./Drivers/STM32G0xx_HAL_Driver/Src/stm32g0xx_hal_tim_ex.o
 .debug_ranges  0x0000000000001058      0x140 ./st7735/Src/st7735.o
 .debug_ranges  0x0000000000001198      0x1e8 ./tinyprintf/Src/printf.o

.debug_macro    0x0000000000000000    0x162f8
 .debug_macro   0x0000000000000000      0x1fe ./AD9833/Src/AD9833.o
 .debug_macro   0x00000000000001fe      0xa84 ./AD9833/Src/AD9833.o
 .debug_macro   0x0000000000000c82      0x11d ./AD9833/Src/AD9833.o
 .debug_macro   0x0000000000000d9f       0x2e ./AD9833/Src/AD9833.o
 .debug_macro   0x0000000000000dcd       0x28 ./AD9833/Src/AD9833.o
 .debug_macro   0x0000000000000df5       0x22 ./AD9833/Src/AD9833.o
 .debug_macro   0x0000000000000e17       0x8e ./AD9833/Src/AD9833.o
 .debug_macro   0x0000000000000ea5       0x51 ./AD9833/Src/AD9833.o
 .debug_macro   0x0000000000000ef6      0x103 ./AD9833/Src/AD9833.o
 .debug_macro   0x0000000000000ff9       0x6a ./AD9833/Src/AD9833.o
 .debug_macro   0x0000000000001063      0x1df ./AD9833/Src/AD9833.o
 .debug_macro   0x0000000000001242       0x1c ./AD9833/Src/AD9833.o
 .debug_macro   0x000000000000125e       0x22 ./AD9833/Src/AD9833.o
 .debug_macro   0x0000000000001280       0xd7 ./AD9833/Src/AD9833.o
 .debug_macro   0x0000000000001357      0x4da ./AD9833/Src/AD9833.o
 .debug_macro   0x0000000000001831      0x11f ./AD9833/Src/AD9833.o
 .debug_macro   0x0000000000001950     0xa0c5 ./AD9833/Src/AD9833.o
 .debug_macro   0x000000000000ba15       0x66 ./AD9833/Src/AD9833.o
 .debug_macro   0x000000000000ba7b     0x34fd ./AD9833/Src/AD9833.o
 .debug_macro   0x000000000000ef78      0x174 ./AD9833/Src/AD9833.o
 .debug_macro   0x000000000000f0ec       0x5c ./AD9833/Src/AD9833.o
 .debug_macro   0x000000000000f148      0x485 ./AD9833/Src/AD9833.o
 .debug_macro   0x000000000000f5cd      0xdcd ./AD9833/Src/AD9833.o
 .debug_macro   0x000000000001039a      0x106 ./AD9833/Src/AD9833.o
 .debug_macro   0x00000000000104a0      0x1cf ./AD9833/Src/AD9833.o
 .debug_macro   0x000000000001066f       0xff ./AD9833/Src/AD9833.o
 .debug_macro   0x000000000001076e      0x33c ./AD9833/Src/AD9833.o
 .debug_macro   0x0000000000010aaa      0x202 ./AD9833/Src/AD9833.o
 .debug_macro   0x0000000000010cac      0x2c7 ./AD9833/Src/AD9833.o
 .debug_macro   0x0000000000010f73      0x198 ./AD9833/Src/AD9833.o
 .debug_macro   0x000000000001110b       0x43 ./AD9833/Src/AD9833.o
 .debug_macro   0x000000000001114e      0x1f1 ./AD9833/Src/AD9833.o
 .debug_macro   0x000000000001133f      0x1d6 ./AD9833/Src/AD9833.o
 .debug_macro   0x0000000000011515      0x2a3 ./AD9833/Src/AD9833.o
 .debug_macro   0x00000000000117b8       0x28 ./AD9833/Src/AD9833.o
 .debug_macro   0x00000000000117e0       0xcf ./AD9833/Src/AD9833.o
 .debug_macro   0x00000000000118af       0xff ./AD9833/Src/AD9833.o
 .debug_macro   0x00000000000119ae      0x10d ./AD9833/Src/AD9833.o
 .debug_macro   0x0000000000011abb      0x2fe ./AD9833/Src/AD9833.o
 .debug_macro   0x0000000000011db9      0xabb ./AD9833/Src/AD9833.o
 .debug_macro   0x0000000000012874       0xfa ./AD9833/Src/AD9833.o
 .debug_macro   0x000000000001296e      0x412 ./AD9833/Src/AD9833.o
 .debug_macro   0x0000000000012d80       0xac ./AD9833/Src/AD9833.o
 .debug_macro   0x0000000000012e2c       0x8e ./AD9833/Src/AD9833.o
 .debug_macro   0x0000000000012eba      0x208 ./Core/Src/encoder.o
 .debug_macro   0x00000000000130c2       0x10 ./Core/Src/encoder.o
 .debug_macro   0x00000000000130d2      0x30d ./Core/Src/gpio.o
 .debug_macro   0x00000000000133df       0x22 ./Core/Src/gpio.o
 .debug_macro   0x0000000000013401       0x52 ./Core/Src/gpio.o
 .debug_macro   0x0000000000013453       0x18 ./Core/Src/gpio.o
 .debug_macro   0x000000000001346b       0x3c ./Core/Src/gpio.o
 .debug_macro   0x00000000000134a7       0x34 ./Core/Src/gpio.o
 .debug_macro   0x00000000000134db       0x16 ./Core/Src/gpio.o
 .debug_macro   0x00000000000134f1       0x43 ./Core/Src/gpio.o
 .debug_macro   0x0000000000013534       0x34 ./Core/Src/gpio.o
 .debug_macro   0x0000000000013568       0x10 ./Core/Src/gpio.o
 .debug_macro   0x0000000000013578       0x58 ./Core/Src/gpio.o
 .debug_macro   0x00000000000135d0       0x71 ./Core/Src/gpio.o
 .debug_macro   0x0000000000013641       0x1c ./Core/Src/gpio.o
 .debug_macro   0x000000000001365d      0x12a ./Core/Src/gpio.o
 .debug_macro   0x0000000000013787      0x333 ./Core/Src/gpio.o
 .debug_macro   0x0000000000013aba      0x1a9 ./Core/Src/gpio.o
 .debug_macro   0x0000000000013c63       0x16 ./Core/Src/gpio.o
 .debug_macro   0x0000000000013c79       0x35 ./Core/Src/gpio.o
 .debug_macro   0x0000000000013cae       0x16 ./Core/Src/gpio.o
 .debug_macro   0x0000000000013cc4       0x29 ./Core/Src/gpio.o
 .debug_macro   0x0000000000013ced      0x1ee ./Core/Src/gpio.o
 .debug_macro   0x0000000000013edb      0x344 ./Core/Src/main.o
 .debug_macro   0x000000000001421f       0x58 ./Core/Src/main.o
 .debug_macro   0x0000000000014277       0x22 ./Core/Src/main.o
 .debug_macro   0x0000000000014299       0x16 ./Core/Src/main.o
 .debug_macro   0x00000000000142af       0x94 ./Core/Src/main.o
 .debug_macro   0x0000000000014343      0x1f9 ./Core/Src/spi.o
 .debug_macro   0x000000000001453c      0x1ef ./Core/Src/stm32g0xx_hal_msp.o
 .debug_macro   0x000000000001472b      0x1f9 ./Core/Src/stm32g0xx_it.o
 .debug_macro   0x0000000000014924      0x1e0 ./Core/Src/system_stm32g0xx.o
 .debug_macro   0x0000000000014b04      0x1f9 ./Core/Src/tim.o
 .debug_macro   0x0000000000014cfd      0x1fe ./Drivers/STM32G0xx_HAL_Driver/Src/stm32g0xx_hal.o
 .debug_macro   0x0000000000014efb      0x1e0 ./Drivers/STM32G0xx_HAL_Driver/Src/stm32g0xx_hal_cortex.o
 .debug_macro   0x00000000000150db      0x1e7 ./Drivers/STM32G0xx_HAL_Driver/Src/stm32g0xx_hal_gpio.o
 .debug_macro   0x00000000000152c2      0x1f2 ./Drivers/STM32G0xx_HAL_Driver/Src/stm32g0xx_hal_pwr_ex.o
 .debug_macro   0x00000000000154b4      0x21c ./Drivers/STM32G0xx_HAL_Driver/Src/stm32g0xx_hal_rcc.o
 .debug_macro   0x00000000000156d0      0x1e8 ./Drivers/STM32G0xx_HAL_Driver/Src/stm32g0xx_hal_spi.o
 .debug_macro   0x00000000000158b8      0x1e8 ./Drivers/STM32G0xx_HAL_Driver/Src/stm32g0xx_hal_tim.o
 .debug_macro   0x0000000000015aa0      0x1e6 ./Drivers/STM32G0xx_HAL_Driver/Src/stm32g0xx_hal_tim_ex.o
 .debug_macro   0x0000000000015c86       0x6d ./st7735/Src/fonts.o
 .debug_macro   0x0000000000015cf3      0x2f6 ./st7735/Src/st7735.o
 .debug_macro   0x0000000000015fe9      0x10e ./tinyprintf/Src/printf.o
 .debug_macro   0x00000000000160f7      0x201 ./tinyprintf/Src/printf.o

.debug_line     0x0000000000000000    0x1809b
 .debug_line    0x0000000000000000      0xb54 ./AD9833/Src/AD9833.o
 .debug_line    0x0000000000000b54      0xa4e ./Core/Src/encoder.o
 .debug_line    0x00000000000015a2      0xc07 ./Core/Src/gpio.o
 .debug_line    0x00000000000021a9      0xfd5 ./Core/Src/main.o
 .debug_line    0x000000000000317e      0xb51 ./Core/Src/spi.o
 .debug_line    0x0000000000003ccf      0x8da ./Core/Src/stm32g0xx_hal_msp.o
 .debug_line    0x00000000000045a9      0x931 ./Core/Src/stm32g0xx_it.o
 .debug_line    0x0000000000004eda      0x9ad ./Core/Src/system_stm32g0xx.o
 .debug_line    0x0000000000005887      0xc25 ./Core/Src/tim.o
 .debug_line    0x00000000000064ac       0x89 ./Core/Startup/startup_stm32g030f6px.o
 .debug_line    0x0000000000006535      0xd1d ./Drivers/STM32G0xx_HAL_Driver/Src/stm32g0xx_hal.o
 .debug_line    0x0000000000007252      0xd60 ./Drivers/STM32G0xx_HAL_Driver/Src/stm32g0xx_hal_cortex.o
 .debug_line    0x0000000000007fb2      0xdac ./Drivers/STM32G0xx_HAL_Driver/Src/stm32g0xx_hal_gpio.o
 .debug_line    0x0000000000008d5e      0xc4b ./Drivers/STM32G0xx_HAL_Driver/Src/stm32g0xx_hal_pwr_ex.o
 .debug_line    0x00000000000099a9     0x1513 ./Drivers/STM32G0xx_HAL_Driver/Src/stm32g0xx_hal_rcc.o
 .debug_line    0x000000000000aebc     0x2fa7 ./Drivers/STM32G0xx_HAL_Driver/Src/stm32g0xx_hal_spi.o
 .debug_line    0x000000000000de63     0x515a ./Drivers/STM32G0xx_HAL_Driver/Src/stm32g0xx_hal_tim.o
 .debug_line    0x0000000000012fbd     0x20e7 ./Drivers/STM32G0xx_HAL_Driver/Src/stm32g0xx_hal_tim_ex.o
 .debug_line    0x00000000000150a4      0x547 ./st7735/Src/fonts.o
 .debug_line    0x00000000000155eb     0x1506 ./st7735/Src/st7735.o
 .debug_line    0x0000000000016af1     0x15aa ./tinyprintf/Src/printf.o

.debug_str      0x0000000000000000    0x87c10
 .debug_str     0x0000000000000000    0x7f9ae ./AD9833/Src/AD9833.o
                                      0x7ff0f (size before relaxing)
 .debug_str     0x000000000007f9ae      0x42d ./Core/Src/encoder.o
                                      0x7fe04 (size before relaxing)
 .debug_str     0x000000000007fddb     0x41b9 ./Core/Src/gpio.o
                                      0x84020 (size before relaxing)
 .debug_str     0x0000000000083f94      0x567 ./Core/Src/main.o
                                      0x848c0 (size before relaxing)
 .debug_str     0x00000000000844fb       0x5b ./Core/Src/spi.o
                                      0x7fd0f (size before relaxing)
 .debug_str     0x0000000000084556       0x2c ./Core/Src/stm32g0xx_hal_msp.o
                                      0x7f75f (size before relaxing)
 .debug_str     0x0000000000084582       0x82 ./Core/Src/stm32g0xx_it.o
                                      0x7f6f1 (size before relaxing)
 .debug_str     0x0000000000084604       0x62 ./Core/Src/system_stm32g0xx.o
                                      0x7f4da (size before relaxing)
 .debug_str     0x0000000000084666      0x26f ./Core/Src/tim.o
                                      0x80054 (size before relaxing)
 .debug_str     0x00000000000848d5       0x36 ./Core/Startup/startup_stm32g030f6px.o
                                         0x60 (size before relaxing)
 .debug_str     0x000000000008490b      0x57d ./Drivers/STM32G0xx_HAL_Driver/Src/stm32g0xx_hal.o
                                      0x7faf6 (size before relaxing)
 .debug_str     0x0000000000084e88      0x284 ./Drivers/STM32G0xx_HAL_Driver/Src/stm32g0xx_hal_cortex.o
                                      0x7f920 (size before relaxing)
 .debug_str     0x000000000008510c      0x136 ./Drivers/STM32G0xx_HAL_Driver/Src/stm32g0xx_hal_gpio.o
                                      0x7f63b (size before relaxing)
 .debug_str     0x0000000000085242      0x221 ./Drivers/STM32G0xx_HAL_Driver/Src/stm32g0xx_hal_pwr_ex.o
                                      0x7f74a (size before relaxing)
 .debug_str     0x0000000000085463      0x357 ./Drivers/STM32G0xx_HAL_Driver/Src/stm32g0xx_hal_rcc.o
                                      0x7fac0 (size before relaxing)
 .debug_str     0x00000000000857ba      0x591 ./Drivers/STM32G0xx_HAL_Driver/Src/stm32g0xx_hal_spi.o
                                      0x7fea5 (size before relaxing)
 .debug_str     0x0000000000085d4b      0xd45 ./Drivers/STM32G0xx_HAL_Driver/Src/stm32g0xx_hal_tim.o
                                      0x809cb (size before relaxing)
 .debug_str     0x0000000000086a90      0x616 ./Drivers/STM32G0xx_HAL_Driver/Src/stm32g0xx_hal_tim_ex.o
                                      0x8034e (size before relaxing)
 .debug_str     0x00000000000870a6       0x33 ./st7735/Src/fonts.o
                                       0x3c6e (size before relaxing)
 .debug_str     0x00000000000870d9      0x201 ./st7735/Src/st7735.o
                                      0x83fd2 (size before relaxing)
 .debug_str     0x00000000000872da      0x936 ./tinyprintf/Src/printf.o
                                       0x4b68 (size before relaxing)

.comment        0x0000000000000000       0x53
 .comment       0x0000000000000000       0x53 ./AD9833/Src/AD9833.o
                                         0x54 (size before relaxing)
 .comment       0x0000000000000053       0x54 ./Core/Src/encoder.o
 .comment       0x0000000000000053       0x54 ./Core/Src/gpio.o
 .comment       0x0000000000000053       0x54 ./Core/Src/main.o
 .comment       0x0000000000000053       0x54 ./Core/Src/spi.o
 .comment       0x0000000000000053       0x54 ./Core/Src/stm32g0xx_hal_msp.o
 .comment       0x0000000000000053       0x54 ./Core/Src/stm32g0xx_it.o
 .comment       0x0000000000000053       0x54 ./Core/Src/system_stm32g0xx.o
 .comment       0x0000000000000053       0x54 ./Core/Src/tim.o
 .comment       0x0000000000000053       0x54 ./Drivers/STM32G0xx_HAL_Driver/Src/stm32g0xx_hal.o
 .comment       0x0000000000000053       0x54 ./Drivers/STM32G0xx_HAL_Driver/Src/stm32g0xx_hal_cortex.o
 .comment       0x0000000000000053       0x54 ./Drivers/STM32G0xx_HAL_Driver/Src/stm32g0xx_hal_gpio.o
 .comment       0x0000000000000053       0x54 ./Drivers/STM32G0xx_HAL_Driver/Src/stm32g0xx_hal_pwr_ex.o
 .comment       0x0000000000000053       0x54 ./Drivers/STM32G0xx_HAL_Driver/Src/stm32g0xx_hal_rcc.o
 .comment       0x0000000000000053       0x54 ./Drivers/STM32G0xx_HAL_Driver/Src/stm32g0xx_hal_spi.o
 .comment       0x0000000000000053       0x54 ./Drivers/STM32G0xx_HAL_Driver/Src/stm32g0xx_hal_tim.o
 .comment       0x0000000000000053       0x54 ./Drivers/STM32G0xx_HAL_Driver/Src/stm32g0xx_hal_tim_ex.o
 .comment       0x0000000000000053       0x54 ./st7735/Src/fonts.o
 .comment       0x0000000000000053       0x54 ./st7735/Src/st7735.o
 .comment       0x0000000000000053       0x54 ./tinyprintf/Src/printf.o

.debug_frame    0x0000000000000000     0x2a18
 .debug_frame   0x0000000000000000      0x114 ./AD9833/Src/AD9833.o
 .debug_frame   0x0000000000000114       0x6c ./Core/Src/encoder.o
 .debug_frame   0x0000000000000180       0x30 ./Core/Src/gpio.o
 .debug_frame   0x00000000000001b0       0xa8 ./Core/Src/main.o
 .debug_frame   0x0000000000000258       0x78 ./Core/Src/spi.o
 .debug_frame   0x00000000000002d0       0x24 ./Core/Src/stm32g0xx_hal_msp.o
 .debug_frame   0x00000000000002f4       0x68 ./Core/Src/stm32g0xx_it.o
 .debug_frame   0x000000000000035c       0x3c ./Core/Src/system_stm32g0xx.o
 .debug_frame   0x0000000000000398       0xc0 ./Core/Src/tim.o
 .debug_frame   0x0000000000000458      0x214 ./Drivers/STM32G0xx_HAL_Driver/Src/stm32g0xx_hal.o
 .debug_frame   0x000000000000066c      0x11c ./Drivers/STM32G0xx_HAL_Driver/Src/stm32g0xx_hal_cortex.o
 .debug_frame   0x0000000000000788       0xd0 ./Drivers/STM32G0xx_HAL_Driver/Src/stm32g0xx_hal_gpio.o
 .debug_frame   0x0000000000000858      0x140 ./Drivers/STM32G0xx_HAL_Driver/Src/stm32g0xx_hal_pwr_ex.o
 .debug_frame   0x0000000000000998      0x178 ./Drivers/STM32G0xx_HAL_Driver/Src/stm32g0xx_hal_rcc.o
 .debug_frame   0x0000000000000b10      0x5b8 ./Drivers/STM32G0xx_HAL_Driver/Src/stm32g0xx_hal_spi.o
 .debug_frame   0x00000000000010c8      0xaec ./Drivers/STM32G0xx_HAL_Driver/Src/stm32g0xx_hal_tim.o
 .debug_frame   0x0000000000001bb4      0x4c4 ./Drivers/STM32G0xx_HAL_Driver/Src/stm32g0xx_hal_tim_ex.o
 .debug_frame   0x0000000000002078      0x2ec ./st7735/Src/st7735.o
 .debug_frame   0x0000000000002364      0x210 ./tinyprintf/Src/printf.o
 .debug_frame   0x0000000000002574       0x2c d:/programs/stmicroelectronics/stm32cubeide_1.7.0/stm32cubeide/plugins/com.st.stm32cube.ide.mcu.externaltools.gnu-tools-for-stm32.9-2020-q2-update.win32_2.0.0.202105311346/tools/bin/../lib/gcc/arm-none-eabi/9.3.1/../../../../arm-none-eabi/lib/thumb/v6-m/nofp\libc_nano.a(lib_a-init.o)
 .debug_frame   0x00000000000025a0       0x28 d:/programs/stmicroelectronics/stm32cubeide_1.7.0/stm32cubeide/plugins/com.st.stm32cube.ide.mcu.externaltools.gnu-tools-for-stm32.9-2020-q2-update.win32_2.0.0.202105311346/tools/bin/../lib/gcc/arm-none-eabi/9.3.1/../../../../arm-none-eabi/lib/thumb/v6-m/nofp\libc_nano.a(lib_a-memcpy-stub.o)
 .debug_frame   0x00000000000025c8       0x20 d:/programs/stmicroelectronics/stm32cubeide_1.7.0/stm32cubeide/plugins/com.st.stm32cube.ide.mcu.externaltools.gnu-tools-for-stm32.9-2020-q2-update.win32_2.0.0.202105311346/tools/bin/../lib/gcc/arm-none-eabi/9.3.1/../../../../arm-none-eabi/lib/thumb/v6-m/nofp\libc_nano.a(lib_a-memset.o)
 .debug_frame   0x00000000000025e8       0x20 d:/programs/stmicroelectronics/stm32cubeide_1.7.0/stm32cubeide/plugins/com.st.stm32cube.ide.mcu.externaltools.gnu-tools-for-stm32.9-2020-q2-update.win32_2.0.0.202105311346/tools/bin/../lib/gcc/arm-none-eabi/9.3.1/thumb/v6-m/nofp\libgcc.a(_udivsi3.o)
 .debug_frame   0x0000000000002608       0x20 d:/programs/stmicroelectronics/stm32cubeide_1.7.0/stm32cubeide/plugins/com.st.stm32cube.ide.mcu.externaltools.gnu-tools-for-stm32.9-2020-q2-update.win32_2.0.0.202105311346/tools/bin/../lib/gcc/arm-none-eabi/9.3.1/thumb/v6-m/nofp\libgcc.a(_divsi3.o)
 .debug_frame   0x0000000000002628       0x28 d:/programs/stmicroelectronics/stm32cubeide_1.7.0/stm32cubeide/plugins/com.st.stm32cube.ide.mcu.externaltools.gnu-tools-for-stm32.9-2020-q2-update.win32_2.0.0.202105311346/tools/bin/../lib/gcc/arm-none-eabi/9.3.1/thumb/v6-m/nofp\libgcc.a(_fixunssfsi.o)
 .debug_frame   0x0000000000002650       0x2c d:/programs/stmicroelectronics/stm32cubeide_1.7.0/stm32cubeide/plugins/com.st.stm32cube.ide.mcu.externaltools.gnu-tools-for-stm32.9-2020-q2-update.win32_2.0.0.202105311346/tools/bin/../lib/gcc/arm-none-eabi/9.3.1/thumb/v6-m/nofp\libgcc.a(_fixunsdfsi.o)
 .debug_frame   0x000000000000267c       0x3c d:/programs/stmicroelectronics/stm32cubeide_1.7.0/stm32cubeide/plugins/com.st.stm32cube.ide.mcu.externaltools.gnu-tools-for-stm32.9-2020-q2-update.win32_2.0.0.202105311346/tools/bin/../lib/gcc/arm-none-eabi/9.3.1/thumb/v6-m/nofp\libgcc.a(_udivmoddi4.o)
 .debug_frame   0x00000000000026b8       0x3c d:/programs/stmicroelectronics/stm32cubeide_1.7.0/stm32cubeide/plugins/com.st.stm32cube.ide.mcu.externaltools.gnu-tools-for-stm32.9-2020-q2-update.win32_2.0.0.202105311346/tools/bin/../lib/gcc/arm-none-eabi/9.3.1/thumb/v6-m/nofp\libgcc.a(mulsf3.o)
 .debug_frame   0x00000000000026f4       0x38 d:/programs/stmicroelectronics/stm32cubeide_1.7.0/stm32cubeide/plugins/com.st.stm32cube.ide.mcu.externaltools.gnu-tools-for-stm32.9-2020-q2-update.win32_2.0.0.202105311346/tools/bin/../lib/gcc/arm-none-eabi/9.3.1/thumb/v6-m/nofp\libgcc.a(subsf3.o)
 .debug_frame   0x000000000000272c       0x20 d:/programs/stmicroelectronics/stm32cubeide_1.7.0/stm32cubeide/plugins/com.st.stm32cube.ide.mcu.externaltools.gnu-tools-for-stm32.9-2020-q2-update.win32_2.0.0.202105311346/tools/bin/../lib/gcc/arm-none-eabi/9.3.1/thumb/v6-m/nofp\libgcc.a(fixsfsi.o)
 .debug_frame   0x000000000000274c       0x2c d:/programs/stmicroelectronics/stm32cubeide_1.7.0/stm32cubeide/plugins/com.st.stm32cube.ide.mcu.externaltools.gnu-tools-for-stm32.9-2020-q2-update.win32_2.0.0.202105311346/tools/bin/../lib/gcc/arm-none-eabi/9.3.1/thumb/v6-m/nofp\libgcc.a(floatunsisf.o)
 .debug_frame   0x0000000000002778       0x38 d:/programs/stmicroelectronics/stm32cubeide_1.7.0/stm32cubeide/plugins/com.st.stm32cube.ide.mcu.externaltools.gnu-tools-for-stm32.9-2020-q2-update.win32_2.0.0.202105311346/tools/bin/../lib/gcc/arm-none-eabi/9.3.1/thumb/v6-m/nofp\libgcc.a(adddf3.o)
 .debug_frame   0x00000000000027b0       0x3c d:/programs/stmicroelectronics/stm32cubeide_1.7.0/stm32cubeide/plugins/com.st.stm32cube.ide.mcu.externaltools.gnu-tools-for-stm32.9-2020-q2-update.win32_2.0.0.202105311346/tools/bin/../lib/gcc/arm-none-eabi/9.3.1/thumb/v6-m/nofp\libgcc.a(divdf3.o)
 .debug_frame   0x00000000000027ec       0x38 d:/programs/stmicroelectronics/stm32cubeide_1.7.0/stm32cubeide/plugins/com.st.stm32cube.ide.mcu.externaltools.gnu-tools-for-stm32.9-2020-q2-update.win32_2.0.0.202105311346/tools/bin/../lib/gcc/arm-none-eabi/9.3.1/thumb/v6-m/nofp\libgcc.a(eqdf2.o)
 .debug_frame   0x0000000000002824       0x38 d:/programs/stmicroelectronics/stm32cubeide_1.7.0/stm32cubeide/plugins/com.st.stm32cube.ide.mcu.externaltools.gnu-tools-for-stm32.9-2020-q2-update.win32_2.0.0.202105311346/tools/bin/../lib/gcc/arm-none-eabi/9.3.1/thumb/v6-m/nofp\libgcc.a(gedf2.o)
 .debug_frame   0x000000000000285c       0x38 d:/programs/stmicroelectronics/stm32cubeide_1.7.0/stm32cubeide/plugins/com.st.stm32cube.ide.mcu.externaltools.gnu-tools-for-stm32.9-2020-q2-update.win32_2.0.0.202105311346/tools/bin/../lib/gcc/arm-none-eabi/9.3.1/thumb/v6-m/nofp\libgcc.a(ledf2.o)
 .debug_frame   0x0000000000002894       0x3c d:/programs/stmicroelectronics/stm32cubeide_1.7.0/stm32cubeide/plugins/com.st.stm32cube.ide.mcu.externaltools.gnu-tools-for-stm32.9-2020-q2-update.win32_2.0.0.202105311346/tools/bin/../lib/gcc/arm-none-eabi/9.3.1/thumb/v6-m/nofp\libgcc.a(muldf3.o)
 .debug_frame   0x00000000000028d0       0x3c d:/programs/stmicroelectronics/stm32cubeide_1.7.0/stm32cubeide/plugins/com.st.stm32cube.ide.mcu.externaltools.gnu-tools-for-stm32.9-2020-q2-update.win32_2.0.0.202105311346/tools/bin/../lib/gcc/arm-none-eabi/9.3.1/thumb/v6-m/nofp\libgcc.a(subdf3.o)
 .debug_frame   0x000000000000290c       0x2c d:/programs/stmicroelectronics/stm32cubeide_1.7.0/stm32cubeide/plugins/com.st.stm32cube.ide.mcu.externaltools.gnu-tools-for-stm32.9-2020-q2-update.win32_2.0.0.202105311346/tools/bin/../lib/gcc/arm-none-eabi/9.3.1/thumb/v6-m/nofp\libgcc.a(fixdfsi.o)
 .debug_frame   0x0000000000002938       0x2c d:/programs/stmicroelectronics/stm32cubeide_1.7.0/stm32cubeide/plugins/com.st.stm32cube.ide.mcu.externaltools.gnu-tools-for-stm32.9-2020-q2-update.win32_2.0.0.202105311346/tools/bin/../lib/gcc/arm-none-eabi/9.3.1/thumb/v6-m/nofp\libgcc.a(floatsidf.o)
 .debug_frame   0x0000000000002964       0x28 d:/programs/stmicroelectronics/stm32cubeide_1.7.0/stm32cubeide/plugins/com.st.stm32cube.ide.mcu.externaltools.gnu-tools-for-stm32.9-2020-q2-update.win32_2.0.0.202105311346/tools/bin/../lib/gcc/arm-none-eabi/9.3.1/thumb/v6-m/nofp\libgcc.a(floatunsidf.o)
 .debug_frame   0x000000000000298c       0x2c d:/programs/stmicroelectronics/stm32cubeide_1.7.0/stm32cubeide/plugins/com.st.stm32cube.ide.mcu.externaltools.gnu-tools-for-stm32.9-2020-q2-update.win32_2.0.0.202105311346/tools/bin/../lib/gcc/arm-none-eabi/9.3.1/thumb/v6-m/nofp\libgcc.a(eqsf2.o)
 .debug_frame   0x00000000000029b8       0x30 d:/programs/stmicroelectronics/stm32cubeide_1.7.0/stm32cubeide/plugins/com.st.stm32cube.ide.mcu.externaltools.gnu-tools-for-stm32.9-2020-q2-update.win32_2.0.0.202105311346/tools/bin/../lib/gcc/arm-none-eabi/9.3.1/thumb/v6-m/nofp\libgcc.a(gesf2.o)
 .debug_frame   0x00000000000029e8       0x30 d:/programs/stmicroelectronics/stm32cubeide_1.7.0/stm32cubeide/plugins/com.st.stm32cube.ide.mcu.externaltools.gnu-tools-for-stm32.9-2020-q2-update.win32_2.0.0.202105311346/tools/bin/../lib/gcc/arm-none-eabi/9.3.1/thumb/v6-m/nofp\libgcc.a(lesf2.o)