stm32g0xx_hal_dma.c:1071:13:DMA_SetConfig	20	static
stm32g0xx_hal_dma.c:1118:13:DMA_CalcDMAMUXChannelBaseAndMask	8	static
stm32g0xx_hal_dma.c:152:19:HAL_DMA_Init	16	static
stm32g0xx_hal_dma.c:259:19:HAL_DMA_DeInit	24	static
stm32g0xx_hal_dma.c:382:19:HAL_DMA_Start	32	static
stm32g0xx_hal_dma.c:433:19:HAL_DMA_Start_IT	32	static
stm32g0xx_hal_dma.c:507:19:HAL_DMA_Abort	20	static
stm32g0xx_hal_dma.c:572:19:HAL_DMA_Abort_IT	24	static
stm32g0xx_hal_dma.c:637:19:HAL_DMA_PollForTransfer	40	static
stm32g0xx_hal_dma.c:797:6:HAL_DMA_IRQHandler	24	static
stm32g0xx_hal_dma.c:903:19:HAL_DMA_RegisterCallback	12	static
stm32g0xx_hal_dma.c:954:19:HAL_DMA_UnRegisterCallback	12	static
stm32g0xx_hal_dma.c:1032:22:HAL_DMA_GetState	0	static
stm32g0xx_hal_dma.c:1044:10:HAL_DMA_GetError	0	static
