stm32g0xx_hal_rcc.c:218:19:HAL_RCC_DeInit	16	static
stm32g0xx_hal_rcc.c:310:19:HAL_RCC_OscConfig	40	static
stm32g0xx_hal_rcc.c:1029:6:HAL_RCC_MCOConfig	40	static
stm32g0xx_hal_rcc.c:1107:10:HAL_RCC_GetSysClockFreq	16	static
stm32g0xx_hal_rcc.c:800:19:HAL_RCC_ClockConfig	32	static
stm32g0xx_hal_rcc.c:1175:10:HAL_RCC_GetHCLKFreq	0	static
stm32g0xx_hal_rcc.c:1186:10:HAL_RCC_GetPCLK1Freq	0	static
stm32g0xx_hal_rcc.c:1199:6:HAL_RCC_GetOscConfig	8	static
stm32g0xx_hal_rcc.c:1302:6:HAL_RCC_GetClockConfig	12	static
stm32g0xx_hal_rcc.c:1335:6:HAL_RCC_EnableCSS	0	static
stm32g0xx_hal_rcc.c:1351:6:HAL_RCC_EnableLSECSS	0	static
stm32g0xx_hal_rcc.c:1362:6:HAL_RCC_DisableLSECSS	0	static
stm32g0xx_hal_rcc.c:1398:13:HAL_RCC_CSSCallback	0	static
stm32g0xx_hal_rcc.c:1409:13:HAL_RCC_LSECSSCallback	0	static
stm32g0xx_hal_rcc.c:1372:6:HAL_RCC_NMI_IRQHandler	8	static
stm32g0xx_hal_rcc.c:1422:10:HAL_RCC_GetResetSource	0	static
