stm32g0xx_hal_cortex.c:131:6:HAL_NVIC_SetPriority	12	static
stm32g0xx_hal_cortex.c:148:6:HAL_NVIC_EnableIRQ	0	static,ignoring_inline_asm
stm32g0xx_hal_cortex.c:164:6:HAL_NVIC_DisableIRQ	0	static,ignoring_inline_asm
stm32g0xx_hal_cortex.c:177:6:HAL_NVIC_SystemReset	0	static,ignoring_inline_asm
stm32g0xx_hal_cortex.c:190:10:HAL_SYSTICK_Config	0	static
stm32g0xx_hal_cortex.c:221:10:HAL_NVIC_GetPriority	0	static
stm32g0xx_hal_cortex.c:234:6:HAL_NVIC_SetPendingIRQ	0	static
stm32g0xx_hal_cortex.c:252:10:HAL_NVIC_GetPendingIRQ	0	static
stm32g0xx_hal_cortex.c:268:6:HAL_NVIC_ClearPendingIRQ	0	static
stm32g0xx_hal_cortex.c:285:6:HAL_SYSTICK_CLKSourceConfig	0	static
stm32g0xx_hal_cortex.c:312:13:HAL_SYSTICK_Callback	0	static
stm32g0xx_hal_cortex.c:303:6:HAL_SYSTICK_IRQHandler	8	static
stm32g0xx_hal_cortex.c:331:6:HAL_MPU_Enable	0	static,ignoring_inline_asm
stm32g0xx_hal_cortex.c:346:6:HAL_MPU_Disable	0	static,ignoring_inline_asm
stm32g0xx_hal_cortex.c:362:6:HAL_MPU_ConfigRegion	8	static
