stm32g0xx_hal_spi.c:3859:26:SPI_WaitFlagStateUntilTimeout.constprop	40	static
stm32g0xx_hal_spi.c:3928:26:SPI_WaitFifoStateUntilTimeout.constprop	40	static
stm32g0xx_hal_spi.c:4259:13:SPI_AbortRx_ISR	24	static
stm32g0xx_hal_spi.c:4008:26:SPI_EndRxTransaction	24	static
stm32g0xx_hal_spi.c:4044:26:SPI_EndRxTxTransaction	16	static
stm32g0xx_hal_spi.c:4303:13:SPI_AbortTx_ISR	24	static
stm32g0xx_hal_spi.c:533:13:HAL_SPI_MspInit	0	static
stm32g0xx_hal_spi.c:314:19:HAL_SPI_Init	24	static
stm32g0xx_hal_spi.c:549:13:HAL_SPI_MspDeInit	0	static
stm32g0xx_hal_spi.c:489:19:HAL_SPI_DeInit	16	static
stm32g0xx_hal_spi.c:821:19:HAL_SPI_Transmit	40	static
stm32g0xx_hal_spi.c:1226:19:HAL_SPI_TransmitReceive	32	static
stm32g0xx_hal_spi.c:986:19:HAL_SPI_Receive	48	static
stm32g0xx_hal_spi.c:1501:19:HAL_SPI_Transmit_IT	16	static
stm32g0xx_hal_spi.c:1693:19:HAL_SPI_TransmitReceive_IT	32	static
stm32g0xx_hal_spi.c:1586:19:HAL_SPI_Receive_IT	24	static
stm32g0xx_hal_spi.c:1802:19:HAL_SPI_Transmit_DMA	24	static
stm32g0xx_hal_spi.c:2072:19:HAL_SPI_TransmitReceive_DMA	32	static
stm32g0xx_hal_spi.c:1927:19:HAL_SPI_Receive_DMA	32	static
stm32g0xx_hal_spi.c:2264:19:HAL_SPI_Abort	32	static
stm32g0xx_hal_spi.c:2585:19:HAL_SPI_DMAPause	0	static
stm32g0xx_hal_spi.c:2605:19:HAL_SPI_DMAResume	0	static
stm32g0xx_hal_spi.c:2625:19:HAL_SPI_DMAStop	16	static
stm32g0xx_hal_spi.c:2772:13:HAL_SPI_TxCpltCallback	0	static
stm32g0xx_hal_spi.c:2788:13:HAL_SPI_RxCpltCallback	0	static
stm32g0xx_hal_spi.c:2804:13:HAL_SPI_TxRxCpltCallback	0	static
stm32g0xx_hal_spi.c:2820:13:HAL_SPI_TxHalfCpltCallback	0	static
stm32g0xx_hal_spi.c:3232:13:SPI_DMAHalfTransmitCplt	8	static
stm32g0xx_hal_spi.c:2836:13:HAL_SPI_RxHalfCpltCallback	0	static
stm32g0xx_hal_spi.c:3250:13:SPI_DMAHalfReceiveCplt	8	static
stm32g0xx_hal_spi.c:2852:13:HAL_SPI_TxRxHalfCpltCallback	0	static
stm32g0xx_hal_spi.c:3268:13:SPI_DMAHalfTransmitReceiveCplt	8	static
stm32g0xx_hal_spi.c:2868:13:HAL_SPI_ErrorCallback	0	static
stm32g0xx_hal_spi.c:4210:13:SPI_CloseTx_ISR	16	static
stm32g0xx_hal_spi.c:3804:13:SPI_TxISR_8BIT	8	static
stm32g0xx_hal_spi.c:3829:13:SPI_TxISR_16BIT	8	static
stm32g0xx_hal_spi.c:4153:13:SPI_CloseRx_ISR	8	static
stm32g0xx_hal_spi.c:3715:13:SPI_RxISR_8BIT	8	static
stm32g0xx_hal_spi.c:3771:13:SPI_RxISR_16BIT	8	static
stm32g0xx_hal_spi.c:4076:13:SPI_CloseRxTx_ISR	16	static
stm32g0xx_hal_spi.c:3547:13:SPI_2linesTxISR_8BIT	8	static
stm32g0xx_hal_spi.c:3462:13:SPI_2linesRxISR_8BIT	8	static
stm32g0xx_hal_spi.c:3650:13:SPI_2linesTxISR_16BIT	8	static
stm32g0xx_hal_spi.c:3594:13:SPI_2linesRxISR_16BIT	8	static
stm32g0xx_hal_spi.c:3286:13:SPI_DMAError	8	static
stm32g0xx_hal_spi.c:2958:13:SPI_DMATransmitCplt	24	static
stm32g0xx_hal_spi.c:3015:13:SPI_DMAReceiveCplt	16	static
stm32g0xx_hal_spi.c:3132:13:SPI_DMATransmitReceiveCplt	16	static
stm32g0xx_hal_spi.c:2665:6:HAL_SPI_IRQHandler	40	static
stm32g0xx_hal_spi.c:3309:13:SPI_DMAAbortOnError	8	static
stm32g0xx_hal_spi.c:2886:13:HAL_SPI_AbortCpltCallback	0	static
stm32g0xx_hal_spi.c:2424:19:HAL_SPI_Abort_IT	32	static
stm32g0xx_hal_spi.c:3397:13:SPI_DMARxAbortCallback	24	static
stm32g0xx_hal_spi.c:3331:13:SPI_DMATxAbortCallback	24	static
stm32g0xx_hal_spi.c:2921:22:HAL_SPI_GetState	0	static
stm32g0xx_hal_spi.c:2933:10:HAL_SPI_GetError	0	static
