stm32g0xx_hal_tim.c:7018:13:TIM_OC1_SetConfig	16	static
stm32g0xx_hal_tim.c:7169:13:TIM_OC3_SetConfig	16	static
stm32g0xx_hal_tim.c:7243:13:TIM_OC4_SetConfig	12	static
stm32g0xx_hal_tim.c:7303:13:TIM_OC5_SetConfig	16	static
stm32g0xx_hal_tim.c:7356:13:TIM_OC6_SetConfig	12	static
stm32g0xx_hal_tim.c:380:13:HAL_TIM_Base_MspInit	0	static
stm32g0xx_hal_tim.c:395:13:HAL_TIM_Base_MspDeInit	0	static
stm32g0xx_hal_tim.c:337:19:HAL_TIM_Base_DeInit	16	static
stm32g0xx_hal_tim.c:411:19:HAL_TIM_Base_Start	0	static
stm32g0xx_hal_tim.c:450:19:HAL_TIM_Base_Stop	0	static
stm32g0xx_hal_tim.c:470:19:HAL_TIM_Base_Start_IT	0	static
stm32g0xx_hal_tim.c:512:19:HAL_TIM_Base_Stop_IT	8	static
stm32g0xx_hal_tim.c:537:19:HAL_TIM_Base_Start_DMA	16	static
stm32g0xx_hal_tim.c:606:19:HAL_TIM_Base_Stop_DMA	8	static
stm32g0xx_hal_tim.c:764:13:HAL_TIM_OC_MspInit	0	static
stm32g0xx_hal_tim.c:779:13:HAL_TIM_OC_MspDeInit	0	static
stm32g0xx_hal_tim.c:721:19:HAL_TIM_OC_DeInit	16	static
stm32g0xx_hal_tim.c:1433:13:HAL_TIM_PWM_MspInit	0	static
stm32g0xx_hal_tim.c:1448:13:HAL_TIM_PWM_MspDeInit	0	static
stm32g0xx_hal_tim.c:1390:19:HAL_TIM_PWM_DeInit	16	static
stm32g0xx_hal_tim.c:2101:13:HAL_TIM_IC_MspInit	0	static
stm32g0xx_hal_tim.c:2116:13:HAL_TIM_IC_MspDeInit	0	static
stm32g0xx_hal_tim.c:2058:19:HAL_TIM_IC_DeInit	16	static
stm32g0xx_hal_tim.c:2761:13:HAL_TIM_OnePulse_MspInit	0	static
stm32g0xx_hal_tim.c:2776:13:HAL_TIM_OnePulse_MspDeInit	0	static
stm32g0xx_hal_tim.c:2716:19:HAL_TIM_OnePulse_DeInit	16	static
stm32g0xx_hal_tim.c:2796:19:HAL_TIM_OnePulse_Start	32	static
stm32g0xx_hal_tim.c:2853:19:HAL_TIM_OnePulse_Stop	8	static
stm32g0xx_hal_tim.c:2896:19:HAL_TIM_OnePulse_Start_IT	32	static
stm32g0xx_hal_tim.c:2959:19:HAL_TIM_OnePulse_Stop_IT	8	static
stm32g0xx_hal_tim.c:3198:13:HAL_TIM_Encoder_MspInit	0	static
stm32g0xx_hal_tim.c:3213:13:HAL_TIM_Encoder_MspDeInit	0	static
stm32g0xx_hal_tim.c:3153:19:HAL_TIM_Encoder_DeInit	16	static
stm32g0xx_hal_tim.c:3233:19:HAL_TIM_Encoder_Start	32	static
stm32g0xx_hal_tim.c:3327:19:HAL_TIM_Encoder_Stop	8	static
stm32g0xx_hal_tim.c:3387:19:HAL_TIM_Encoder_Start_IT	32	static
stm32g0xx_hal_tim.c:3487:19:HAL_TIM_Encoder_Stop_IT	8	static
stm32g0xx_hal_tim.c:3552:19:HAL_TIM_Encoder_Start_DMA	40	static
stm32g0xx_hal_tim.c:3765:19:HAL_TIM_Encoder_Stop_DMA	16	static
stm32g0xx_hal_tim.c:4634:19:HAL_TIM_DMABurst_MultiWriteStart	24	static
stm32g0xx_hal_tim.c:4575:19:HAL_TIM_DMABurst_WriteStart	24	static
stm32g0xx_hal_tim.c:4818:19:HAL_TIM_DMABurst_WriteStop	16	static
stm32g0xx_hal_tim.c:4984:19:HAL_TIM_DMABurst_MultiReadStart	24	static
stm32g0xx_hal_tim.c:4926:19:HAL_TIM_DMABurst_ReadStart	24	static
stm32g0xx_hal_tim.c:5168:19:HAL_TIM_DMABurst_ReadStop	8	static
stm32g0xx_hal_tim.c:5252:19:HAL_TIM_GenerateEvent	12	static
stm32g0xx_hal_tim.c:5629:19:HAL_TIM_ConfigTI1Input	0	static
stm32g0xx_hal_tim.c:5744:10:HAL_TIM_ReadCapturedValue	0	static
stm32g0xx_hal_tim.c:5828:13:HAL_TIM_PeriodElapsedCallback	0	static
stm32g0xx_hal_tim.c:6895:13:TIM_DMAPeriodElapsedCplt	8	static
stm32g0xx_hal_tim.c:5843:13:HAL_TIM_PeriodElapsedHalfCpltCallback	0	static
stm32g0xx_hal_tim.c:6916:13:TIM_DMAPeriodElapsedHalfCplt	8	static
stm32g0xx_hal_tim.c:5858:13:HAL_TIM_OC_DelayElapsedCallback	0	static
stm32g0xx_hal_tim.c:5873:13:HAL_TIM_IC_CaptureCallback	0	static
stm32g0xx_hal_tim.c:6793:6:TIM_DMACaptureCplt	8	static
stm32g0xx_hal_tim.c:5888:13:HAL_TIM_IC_CaptureHalfCpltCallback	0	static
stm32g0xx_hal_tim.c:6856:6:TIM_DMACaptureHalfCplt	8	static
stm32g0xx_hal_tim.c:5903:13:HAL_TIM_PWM_PulseFinishedCallback	0	static
stm32g0xx_hal_tim.c:6695:13:TIM_DMADelayPulseCplt	8	static
stm32g0xx_hal_tim.c:5918:13:HAL_TIM_PWM_PulseFinishedHalfCpltCallback	0	static
stm32g0xx_hal_tim.c:6754:6:TIM_DMADelayPulseHalfCplt	8	static
stm32g0xx_hal_tim.c:5933:13:HAL_TIM_TriggerCallback	0	static
stm32g0xx_hal_tim.c:3842:6:HAL_TIM_IRQHandler	8	static
stm32g0xx_hal_tim.c:6932:13:TIM_DMATriggerCplt	8	static
stm32g0xx_hal_tim.c:5948:13:HAL_TIM_TriggerHalfCpltCallback	0	static
stm32g0xx_hal_tim.c:6953:13:TIM_DMATriggerHalfCplt	8	static
stm32g0xx_hal_tim.c:5963:13:HAL_TIM_ErrorCallback	0	static
stm32g0xx_hal_tim.c:6652:6:TIM_DMAError	8	static
stm32g0xx_hal_tim.c:6532:22:HAL_TIM_Base_GetState	0	static
stm32g0xx_hal_tim.c:6542:22:HAL_TIM_OC_GetState	0	static
stm32g0xx_hal_tim.c:6552:22:HAL_TIM_PWM_GetState	0	static
stm32g0xx_hal_tim.c:6562:22:HAL_TIM_IC_GetState	0	static
stm32g0xx_hal_tim.c:6572:22:HAL_TIM_OnePulse_GetState	0	static
stm32g0xx_hal_tim.c:6582:22:HAL_TIM_Encoder_GetState	0	static
stm32g0xx_hal_tim.c:6592:23:HAL_TIM_GetActiveChannel	0	static
stm32g0xx_hal_tim.c:6610:29:HAL_TIM_GetChannelState	0	static
stm32g0xx_hal_tim.c:6627:30:HAL_TIM_DMABurstState	0	static
stm32g0xx_hal_tim.c:6970:6:TIM_Base_SetConfig	8	static
stm32g0xx_hal_tim.c:277:19:HAL_TIM_Base_Init	16	static
stm32g0xx_hal_tim.c:661:19:HAL_TIM_OC_Init	16	static
stm32g0xx_hal_tim.c:1330:19:HAL_TIM_PWM_Init	16	static
stm32g0xx_hal_tim.c:1998:19:HAL_TIM_IC_Init	16	static
stm32g0xx_hal_tim.c:2647:19:HAL_TIM_OnePulse_Init	16	static
stm32g0xx_hal_tim.c:3038:19:HAL_TIM_Encoder_Init	32	static
stm32g0xx_hal_tim.c:7093:6:TIM_OC2_SetConfig	16	static
stm32g0xx_hal_tim.c:4072:19:HAL_TIM_OC_ConfigChannel	16	static
stm32g0xx_hal_tim.c:4272:19:HAL_TIM_PWM_ConfigChannel	24	static
stm32g0xx_hal_tim.c:7544:6:TIM_TI1_SetConfig	20	static
stm32g0xx_hal_tim.c:4171:19:HAL_TIM_IC_ConfigChannel	32	static
stm32g0xx_hal_tim.c:4420:19:HAL_TIM_OnePulse_ConfigChannel	64	static
stm32g0xx_hal_tim.c:7838:6:TIM_ETR_SetConfig	12	static
stm32g0xx_hal_tim.c:5291:19:HAL_TIM_ConfigOCrefClear	32	static
stm32g0xx_hal_tim.c:5475:19:HAL_TIM_ConfigClockSource	24	static
stm32g0xx_hal_tim.c:7410:26:TIM_SlaveTimer_SetConfig	16	static
stm32g0xx_hal_tim.c:5661:19:HAL_TIM_SlaveConfigSynchro	24	static
stm32g0xx_hal_tim.c:5701:19:HAL_TIM_SlaveConfigSynchro_IT	24	static
stm32g0xx_hal_tim.c:7870:6:TIM_CCxChannelCmd	8	static
stm32g0xx_hal_tim.c:802:19:HAL_TIM_OC_Start	8	static
stm32g0xx_hal_tim.c:1471:19:HAL_TIM_PWM_Start	8	static
stm32g0xx_hal_tim.c:858:19:HAL_TIM_OC_Stop	16	static
stm32g0xx_hal_tim.c:1527:19:HAL_TIM_PWM_Stop	8	static
stm32g0xx_hal_tim.c:893:19:HAL_TIM_OC_Start_IT	8	static
stm32g0xx_hal_tim.c:1562:19:HAL_TIM_PWM_Start_IT	8	static
stm32g0xx_hal_tim.c:986:19:HAL_TIM_OC_Stop_IT	16	static
stm32g0xx_hal_tim.c:1655:19:HAL_TIM_PWM_Stop_IT	8	static
stm32g0xx_hal_tim.c:1063:19:HAL_TIM_OC_Start_DMA	16	static
stm32g0xx_hal_tim.c:1732:19:HAL_TIM_PWM_Start_DMA	8	static
stm32g0xx_hal_tim.c:1227:19:HAL_TIM_OC_Stop_DMA	16	static
stm32g0xx_hal_tim.c:1895:19:HAL_TIM_PWM_Stop_DMA	8	static
stm32g0xx_hal_tim.c:2137:19:HAL_TIM_IC_Start	8	static
stm32g0xx_hal_tim.c:2189:19:HAL_TIM_IC_Stop	16	static
stm32g0xx_hal_tim.c:2219:19:HAL_TIM_IC_Start_IT	8	static
stm32g0xx_hal_tim.c:2311:19:HAL_TIM_IC_Stop_IT	16	static
stm32g0xx_hal_tim.c:2383:19:HAL_TIM_IC_Start_DMA	32	static
stm32g0xx_hal_tim.c:2542:19:HAL_TIM_IC_Stop_DMA	16	static
