stm32g0xx_hal_pwr_ex.c:131:6:HAL_PWREx_EnableBatteryCharging	0	static
stm32g0xx_hal_pwr_ex.c:146:6:HAL_PWREx_DisableBatteryCharging	0	static
stm32g0xx_hal_pwr_ex.c:381:6:HAL_PWREx_EnableInternalWakeUpLine	0	static
stm32g0xx_hal_pwr_ex.c:390:6:HAL_PWREx_DisableInternalWakeUpLine	0	static
stm32g0xx_hal_pwr_ex.c:414:19:HAL_PWREx_EnableGPIOPullUp	4	static
stm32g0xx_hal_pwr_ex.c:476:19:HAL_PWREx_DisableGPIOPullUp	4	static
stm32g0xx_hal_pwr_ex.c:538:19:HAL_PWREx_EnableGPIOPullDown	4	static
stm32g0xx_hal_pwr_ex.c:600:19:HAL_PWREx_DisableGPIOPullDown	4	static
stm32g0xx_hal_pwr_ex.c:653:6:HAL_PWREx_EnablePullUpPullDownConfig	0	static
stm32g0xx_hal_pwr_ex.c:664:6:HAL_PWREx_DisablePullUpPullDownConfig	0	static
stm32g0xx_hal_pwr_ex.c:704:6:HAL_PWREx_EnableFlashPowerDown	0	static
stm32g0xx_hal_pwr_ex.c:722:6:HAL_PWREx_DisableFlashPowerDown	0	static
stm32g0xx_hal_pwr_ex.c:736:10:HAL_PWREx_GetVoltageRange	0	static
stm32g0xx_hal_pwr_ex.c:762:19:HAL_PWREx_ControlVoltageScaling	8	static
stm32g0xx_hal_pwr_ex.c:803:6:HAL_PWREx_EnableLowPowerRunMode	0	static
stm32g0xx_hal_pwr_ex.c:818:19:HAL_PWREx_DisableLowPowerRunMode	8	static
