stm32g0xx_hal_tim_ex.c:2870:13:TIM_CCxNChannelCmd	8	static
stm32g0xx_hal_tim_ex.c:2825:13:TIM_DMAErrorCCxN	8	static
stm32g0xx_hal_tim_ex.c:2766:13:TIM_DMADelayPulseNCplt	8	static
stm32g0xx_hal_tim_ex.c:298:13:HAL_TIMEx_HallSensor_MspInit	0	static
stm32g0xx_hal_tim_ex.c:151:19:HAL_TIMEx_HallSensor_Init	64	static
stm32g0xx_hal_tim_ex.c:313:13:HAL_TIMEx_HallSensor_MspDeInit	0	static
stm32g0xx_hal_tim_ex.c:253:19:HAL_TIMEx_HallSensor_DeInit	16	static
stm32g0xx_hal_tim_ex.c:328:19:HAL_TIMEx_HallSensor_Start	32	static
stm32g0xx_hal_tim_ex.c:382:19:HAL_TIMEx_HallSensor_Stop	8	static
stm32g0xx_hal_tim_ex.c:410:19:HAL_TIMEx_HallSensor_Start_IT	32	static
stm32g0xx_hal_tim_ex.c:467:19:HAL_TIMEx_HallSensor_Stop_IT	8	static
stm32g0xx_hal_tim_ex.c:500:19:HAL_TIMEx_HallSensor_Start_DMA	24	static
stm32g0xx_hal_tim_ex.c:576:19:HAL_TIMEx_HallSensor_Stop_DMA	8	static
stm32g0xx_hal_tim_ex.c:638:19:HAL_TIMEx_OCN_Start	8	static
stm32g0xx_hal_tim_ex.c:689:19:HAL_TIMEx_OCN_Stop	16	static
stm32g0xx_hal_tim_ex.c:721:19:HAL_TIMEx_OCN_Start_IT	8	static
stm32g0xx_hal_tim_ex.c:808:19:HAL_TIMEx_OCN_Stop_IT	16	static
stm32g0xx_hal_tim_ex.c:883:19:HAL_TIMEx_OCN_Start_DMA	16	static
stm32g0xx_hal_tim_ex.c:1021:19:HAL_TIMEx_OCN_Stop_DMA	16	static
stm32g0xx_hal_tim_ex.c:1122:19:HAL_TIMEx_PWMN_Start	8	static
stm32g0xx_hal_tim_ex.c:1172:19:HAL_TIMEx_PWMN_Stop	8	static
stm32g0xx_hal_tim_ex.c:1204:19:HAL_TIMEx_PWMN_Start_IT	8	static
stm32g0xx_hal_tim_ex.c:1290:19:HAL_TIMEx_PWMN_Stop_IT	8	static
stm32g0xx_hal_tim_ex.c:1365:19:HAL_TIMEx_PWMN_Start_DMA	8	static
stm32g0xx_hal_tim_ex.c:1503:19:HAL_TIMEx_PWMN_Stop_DMA	8	static
stm32g0xx_hal_tim_ex.c:1594:19:HAL_TIMEx_OnePulseN_Start	40	static
stm32g0xx_hal_tim_ex.c:1643:19:HAL_TIMEx_OnePulseN_Stop	16	static
stm32g0xx_hal_tim_ex.c:1682:19:HAL_TIMEx_OnePulseN_Start_IT	40	static
stm32g0xx_hal_tim_ex.c:1737:19:HAL_TIMEx_OnePulseN_Stop_IT	16	static
stm32g0xx_hal_tim_ex.c:1818:19:HAL_TIMEx_ConfigCommutEvent	12	static
stm32g0xx_hal_tim_ex.c:1874:19:HAL_TIMEx_ConfigCommutEvent_IT	12	static
stm32g0xx_hal_tim_ex.c:1931:19:HAL_TIMEx_ConfigCommutEvent_DMA	16	static
stm32g0xx_hal_tim_ex.c:1980:19:HAL_TIMEx_MasterConfigSynchronization	20	static
stm32g0xx_hal_tim_ex.c:2053:19:HAL_TIMEx_ConfigBreakDeadTime	8	static
stm32g0xx_hal_tim_ex.c:2135:19:HAL_TIMEx_ConfigBreakInput	20	static
stm32g0xx_hal_tim_ex.c:2291:19:HAL_TIMEx_RemapConfig	8	static
stm32g0xx_hal_tim_ex.c:2382:20:HAL_TIMEx_TISelection	12	static
stm32g0xx_hal_tim_ex.c:2424:19:HAL_TIMEx_GroupChannel5	12	static
stm32g0xx_hal_tim_ex.c:2462:19:HAL_TIMEx_DisarmBreakInput	0	static
stm32g0xx_hal_tim_ex.c:2517:19:HAL_TIMEx_ReArmBreakInput	16	static
stm32g0xx_hal_tim_ex.c:2606:13:HAL_TIMEx_CommutCallback	0	static
stm32g0xx_hal_tim_ex.c:2727:6:TIMEx_DMACommutationCplt	8	static
stm32g0xx_hal_tim_ex.c:2620:13:HAL_TIMEx_CommutHalfCpltCallback	0	static
stm32g0xx_hal_tim_ex.c:2746:6:TIMEx_DMACommutationHalfCplt	8	static
stm32g0xx_hal_tim_ex.c:2635:13:HAL_TIMEx_BreakCallback	0	static
stm32g0xx_hal_tim_ex.c:2650:13:HAL_TIMEx_Break2Callback	0	static
stm32g0xx_hal_tim_ex.c:2683:22:HAL_TIMEx_HallSensor_GetState	0	static
stm32g0xx_hal_tim_ex.c:2698:29:HAL_TIMEx_GetChannelNState	0	static
