st7735.c:84:13:ST7735_Select	8	static
st7735.c:101:13:ST7735_WriteCommand	16	static
st7735.c:107:13:ST7735_WriteData	16	static
st7735.c:113:13:ST7735_ExecuteCommandList	24	static
st7735.c:140:13:ST7735_SetAddressWindow	40	static
st7735.c:181:13:ST7735_WriteChar.isra.0	48	static
st7735.c:89:6:ST7735_Unselect	8	static
st7735.c:263:6:ST7735_FillRectangle.part.0	40	static
st7735.c:157:6:ST7735_Init	8	static
st7735.c:167:6:ST7735_DrawPixel	24	static
st7735.c:201:6:ST7735_WriteString	56	static
st7735.c:229:6:ST7735_WriteStringWithSelect	56	static
st7735.c:263:6:ST7735_FillRectangle	16	static
st7735.c:282:6:ST7735_FillScreen	16	static
st7735.c:287:6:ST7735_DrawImage	24	static
st7735.c:299:6:ST7735_InvertColors	8	static
st7735.c:307:6:ST7735_DrawHLine	40	static
st7735.c:319:6:ST7735_DrawVLine	40	static
st7735.c:331:6:ST7735_DrawLine	48	static
st7735.c:384:6:ST7735_drawCircleHelper	56	static
st7735.c:421:6:ST7735_drawRoundRect	80	static
st7735.c:441:6:SquareIcon	40	static
st7735.c:452:6:TriangleIcon	48	static
st7735.c:466:6:SineIcon	1392	static
